Component: ARM Compiler 5.05 update 1 (build 106) Tool: armlink [4d0efa]

==============================================================================

Section Cross References

    main.o(.text) refers to fleqf.o(x$fpl$fleqf) for __aeabi_cfcmple
    main.o(.text) refers to fmul.o(x$fpl$fmul) for __aeabi_fmul
    main.o(.text) refers to ffix.o(x$fpl$ffix) for __aeabi_f2iz
    main.o(.text) refers to main.o(.bss) for p_value
    main.o(.text) refers to main.o(.data) for temprature
    main.o(.text) refers to db_amme.o(.data) for Up_VolA
    main.o(.text) refers to fflt_clz.o(x$fpl$ffltu) for __aeabi_ui2f
    main.o(.text) refers to f2d.o(x$fpl$f2d) for __aeabi_f2d
    main.o(.text) refers to dmul.o(x$fpl$dmul) for __aeabi_dmul
    main.o(.text) refers to d2f.o(x$fpl$d2f) for __aeabi_d2f
    main.o(.text) refers to dleqf.o(x$fpl$dleqf) for __aeabi_cdcmple
    main.o(.text) refers to daddsub_clz.o(x$fpl$dsub) for __aeabi_dsub
    main.o(.text) refers to ddiv.o(x$fpl$ddiv) for __aeabi_ddiv
    main.o(.text) refers to lcd12864.o(.text) for LCD_ShowString
    main.o(.text) refers to bmp180.o(.text) for BMP180_getdat
    main.o(.text) refers to dflt_clz.o(x$fpl$dflt) for __aeabi_i2d
    main.o(.text) refers to delay.o(.text) for delay_ms
    main.o(.text) refers to max6675.o(.text) for MAX6675_ReadByte
    main.o(.text) refers to dflt_clz.o(x$fpl$dfltu) for __aeabi_ui2d
    main.o(.text) refers to frleqf.o(x$fpl$frleqf) for __aeabi_cfrcmple
    main.o(.text) refers to fflt_clz.o(x$fpl$fflt) for __aeabi_i2f
    main.o(.text) refers to drleqf.o(x$fpl$drleqf) for __aeabi_cdrcmple
    main.o(.text) refers to daddsub_clz.o(x$fpl$dadd) for __aeabi_dadd
    main.o(.text) refers to bmp180.o(.data) for bmp180_press
    main.o(.text) refers to system_stm32f10x.o(.text) for SystemInit
    main.o(.text) refers to db_amme.o(.text) for InitAmmeter
    main.o(.text) refers to misc.o(.text) for NVIC_PriorityGroupConfig
    main.o(.text) refers to iic.o(.text) for IIC_Init
    main.o(.text) refers to gp2y.o(.text) for GPLED_Init
    main.o(.text) refers to led.o(.text) for LED_Init
    main.o(.text) refers to relay.o(.text) for relay_Init
    main.o(.text) refers to key.o(.text) for KEY2_Init
    main.o(.text) refers to timer.o(.text) for TIM3_Int_Init
    main.o(.text) refers to usart.o(.text) for TIM4_Init
    main.o(.text) refers to adc.o(.text) for Adc_Init
    main.o(.text) refers to bc95.o(.text) for BC95_init
    main.o(.text) refers to usart.o(.bss) for USART1_RX_BUF
    main.o(.text) refers to stm32f10x_tim.o(.text) for TIM_GetFlagStatus
    system_stm32f10x.o(.text) refers to system_stm32f10x.o(.data) for SystemCoreClock
    led.o(.text) refers to stm32f10x_rcc.o(.text) for RCC_APB2PeriphClockCmd
    led.o(.text) refers to stm32f10x_gpio.o(.text) for GPIO_Init
    key.o(.text) refers to stm32f10x_rcc.o(.text) for RCC_APB2PeriphClockCmd
    key.o(.text) refers to stm32f10x_gpio.o(.text) for GPIO_Init
    key.o(.text) refers to delay.o(.text) for delay_ms
    key.o(.text) refers to key.o(.data) for key_up
    timer.o(.text) refers to stm32f10x_rcc.o(.text) for RCC_APB1PeriphClockCmd
    timer.o(.text) refers to stm32f10x_tim.o(.text) for TIM_TimeBaseInit
    timer.o(.text) refers to misc.o(.text) for NVIC_Init
    timer.o(.text) refers to stm32f10x_gpio.o(.text) for GPIO_PinRemapConfig
    lcd12864.o(.text) refers to delay.o(.text) for delay_ms
    lcd12864.o(.text) refers to stm32f10x_rcc.o(.text) for RCC_APB2PeriphClockCmd
    lcd12864.o(.text) refers to stm32f10x_gpio.o(.text) for GPIO_PinRemapConfig
    lcd12864.o(.text) refers to lcd12864.o(.bss) for LCD12864_Buffer
    lcd12864.o(.text) refers to lcd12864.o(.constdata) for DrawDotsTable
    bmp180.o(.text) refers to iic.o(.text) for IIC_Start
    bmp180.o(.text) refers to fflt_clz.o(x$fpl$fflt) for __aeabi_i2f
    bmp180.o(.text) refers to fmul.o(x$fpl$fmul) for __aeabi_fmul
    bmp180.o(.text) refers to faddsub_clz.o(x$fpl$fsub) for __aeabi_fsub
    bmp180.o(.text) refers to faddsub_clz.o(x$fpl$fadd) for __aeabi_fadd
    bmp180.o(.text) refers to ffix.o(x$fpl$ffix) for __aeabi_f2iz
    bmp180.o(.text) refers to bmp180.o(.data) for ac1
    iic.o(.text) refers to stm32f10x_rcc.o(.text) for RCC_APB2PeriphClockCmd
    iic.o(.text) refers to stm32f10x_gpio.o(.text) for GPIO_Init
    iic.o(.text) refers to delay.o(.text) for delay_us
    max6675.o(.text) refers to stm32f10x_rcc.o(.text) for RCC_APB2PeriphClockCmd
    max6675.o(.text) refers to stm32f10x_gpio.o(.text) for GPIO_Init
    max6675.o(.text) refers to stm32f10x_spi.o(.text) for SPI_Init
    adc.o(.text) refers to stm32f10x_rcc.o(.text) for RCC_APB2PeriphClockCmd
    adc.o(.text) refers to stm32f10x_gpio.o(.text) for GPIO_Init
    adc.o(.text) refers to stm32f10x_adc.o(.text) for ADC_DeInit
    adc.o(.text) refers to delay.o(.text) for delay_ms
    gp2y.o(.text) refers to stm32f10x_rcc.o(.text) for RCC_APB2PeriphClockCmd
    gp2y.o(.text) refers to stm32f10x_gpio.o(.text) for GPIO_Init
[...]
    x$fpl$dnaninf                            0x080062e8   Section      156  dnaninf.o(x$fpl$dnaninf)
    x$fpl$dretinf                            0x08006384   Section       12  dretinf.o(x$fpl$dretinf)
    x$fpl$drleqf                             0x08006390   Section      108  drleqf.o(x$fpl$drleqf)
    x$fpl$dsub                               0x080063fc   Section      468  daddsub_clz.o(x$fpl$dsub)
    _dsub1                                   0x0800640d   Thumb Code     0  daddsub_clz.o(x$fpl$dsub)
    x$fpl$f2d                                0x080065d0   Section       86  f2d.o(x$fpl$f2d)
    x$fpl$fadd                               0x08006628   Section      196  faddsub_clz.o(x$fpl$fadd)
    _fadd1                                   0x08006637   Thumb Code     0  faddsub_clz.o(x$fpl$fadd)
    x$fpl$fcmpinf                            0x080066ec   Section       24  fcmpi.o(x$fpl$fcmpinf)
    x$fpl$fdiv                               0x08006704   Section      388  fdiv.o(x$fpl$fdiv)
    _fdiv1                                   0x08006705   Thumb Code     0  fdiv.o(x$fpl$fdiv)
    x$fpl$ffix                               0x08006888   Section       54  ffix.o(x$fpl$ffix)
    x$fpl$fflt                               0x080068c0   Section       48  fflt_clz.o(x$fpl$fflt)
    x$fpl$ffltu                              0x080068f0   Section       38  fflt_clz.o(x$fpl$ffltu)
    x$fpl$fleqf                              0x08006918   Section      104  fleqf.o(x$fpl$fleqf)
    x$fpl$fmul                               0x08006980   Section      258  fmul.o(x$fpl$fmul)
    x$fpl$fnaninf                            0x08006a82   Section      140  fnaninf.o(x$fpl$fnaninf)
    x$fpl$fretinf                            0x08006b0e   Section       10  fretinf.o(x$fpl$fretinf)
    x$fpl$frleqf                             0x08006b18   Section       98  frleqf.o(x$fpl$frleqf)
    x$fpl$fsub                               0x08006b7c   Section      234  faddsub_clz.o(x$fpl$fsub)
    _fsub1                                   0x08006b8b   Thumb Code     0  faddsub_clz.o(x$fpl$fsub)
    .constdata                               0x08006c66   Section      110  lcd12864.o(.constdata)
    x$fpl$usenofp                            0x08006c66   Section        0  usenofp.o(x$fpl$usenofp)
    .constdata                               0x08006cd4   Section      664  bc95.o(.constdata)
    .data                                    0x20000000   Section      196  main.o(.data)
    .data                                    0x200000c4   Section       20  system_stm32f10x.o(.data)
    .data                                    0x200000d8   Section        1  key.o(.data)
    key_up                                   0x200000d8   Data           1  key.o(.data)
    .data                                    0x200000dc   Section       48  bmp180.o(.data)
    press_fliter                             0x200000fc   Data           4  bmp180.o(.data)
    press_q                                  0x20000100   Data           4  bmp180.o(.data)
    temp_fliter                              0x20000104   Data           4  bmp180.o(.data)
    temp_q                                   0x20000108   Data           4  bmp180.o(.data)
    .data                                    0x2000010c   Section      117  db_amme.o(.data)
    .data                                    0x20000182   Section        4  delay.o(.data)
    fac_us                                   0x20000182   Data           1  delay.o(.data)
    fac_ms                                   0x20000184   Data           2  delay.o(.data)
    .data                                    0x20000188   Section       15  usart.o(.data)
    i                                        0x20000196   Data           1  usart.o(.data)
    .data                                    0x20000197   Section       20  stm32f10x_rcc.o(.data)
    APBAHBPrescTable                         0x20000197   Data          16  stm32f10x_rcc.o(.data)
    ADCPrescTable                            0x200001a7   Data           4  stm32f10x_rcc.o(.data)
    .bss                                     0x200001ac   Section      316  main.o(.bss)
    .bss                                     0x200002e8   Section     2048  lcd12864.o(.bss)
    .bss                                     0x20000ae8   Section      600  usart.o(.bss)
    .bss                                     0x20000d40   Section       96  libspace.o(.bss)
    HEAP                                     0x20000da0   Section      512  startup_stm32f10x_hd.o(HEAP)
    Heap_Mem                                 0x20000da0   Data         512  startup_stm32f10x_hd.o(HEAP)
    STACK                                    0x20000fa0   Section     1024  startup_stm32f10x_hd.o(STACK)
    Stack_Mem                                0x20000fa0   Data        1024  startup_stm32f10x_hd.o(STACK)
    __initial_sp                             0x200013a0   Data           0  startup_stm32f10x_hd.o(STACK)

    Global Symbols

    Symbol Name                              Value     Ov Type        Size  Object(Section)

    BuildAttributes$$THM_ISAv4$P$D$K$B$S$PE$A:L22UL41UL21$X:L11$S22US41US21$IEEE1$IW$USESV6$~STKCKD$USESV7$~SHL$OSPACE$ROPI$EBA8$UX$STANDARDLIB$REQ8$PRES8$EABIv2 0x00000000   Number         0  anon$$obj.o ABSOLUTE
    __ARM_use_no_argv                        0x00000000   Number         0  main.o ABSOLUTE
    __ARM_exceptions_init                     - Undefined Weak Reference
    __alloca_initialize                       - Undefined Weak Reference
    __arm_preinit_                            - Undefined Weak Reference
    __cpp_initialize__aeabi_                  - Undefined Weak Reference
    __cxa_finalize                            - Undefined Weak Reference
    __rt_locale                               - Undefined Weak Reference
    __sigvec_lookup                           - Undefined Weak Reference
    _atexit_init                              - Undefined Weak Reference
    _call_atexit_fns                          - Undefined Weak Reference
    _clock_init                               - Undefined Weak Reference
    _fp_trap_init                             - Undefined Weak Reference
    _fp_trap_shutdown                         - Undefined Weak Reference
    _get_lc_collate                           - Undefined Weak Reference
    _get_lc_ctype                             - Undefined Weak Reference
    _get_lc_monetary                          - Undefined Weak Reference
    _get_lc_numeric                           - Undefined Weak Reference
    _get_lc_time                              - Undefined Weak Reference
    _getenv_init                              - Undefined Weak Reference
    _handle_redirection                       - Undefined Weak Reference
    _init_alloc                               - Undefined Weak Reference
    _init_user_alloc                          - Undefined Weak Reference
    _initio                                   - Undefined Weak Reference
    _mutex_acquire                            - Undefined Weak Reference
    _mutex_release                            - Undefined Weak Reference
    _printf_mbtowc                            - Undefined Weak Reference
    _printf_post_padding                      - Undefined Weak Reference
    _printf_pre_padding                       - Undefined Weak Reference
    _rand_init                                - Undefined Weak Reference
    _signal_finish                            - Undefined Weak Reference
    _signal_init                              - Undefined Weak Reference
    _terminate_alloc                          - Undefined Weak Reference
    _terminate_user_alloc                     - Undefined Weak Reference
    _terminateio                              - Undefined Weak Reference
    __Vectors_Size                           0x00000130   Number         0  startup_stm32f10x_hd.o ABSOLUTE
    __Vectors                                0x08000000   Data           4  startup_stm32f10x_hd.o(RESET)
    __Vectors_End                            0x08000130   Data           0  startup_stm32f10x_hd.o(RESET)
    __main                                   0x08000131   Thumb Code     8  __main.o(!!!main)
    __scatterload                            0x08000139   Thumb Code     0  __scatter.o(!!!scatter)
    __scatterload_rt2                        0x08000139   Thumb Code    44  __scatter.o(!!!scatter)
    __scatterload_rt2_thumb_only             0x08000139   Thumb Code     0  __scatter.o(!!!scatter)
    __scatterload_null                       0x08000147   Thumb Code     0  __scatter.o(!!!scatter)
    __decompress                             0x0800016d   Thumb Code    90  __dczerorl2.o(!!dczerorl2)
    __decompress1                            0x0800016d   Thumb Code     0  __dczerorl2.o(!!dczerorl2)
    __scatterload_zeroinit                   0x080001c9   Thumb Code    28  __scatter_zi.o(!!handler_zi)
    _printf_percent                          0x080001e5   Thumb Code     0  _printf_percent.o(.ARM.Collect$$_printf_percent$$00000000)
    _printf_s                                0x080001e5   Thumb Code     0  _printf_s.o(.ARM.Collect$$_printf_percent$$00000014)
    _printf_percent_end                      0x080001eb   Thumb Code     0  _printf_percent_end.o(.ARM.Collect$$_printf_percent$$00000017)
    __rt_lib_init                            0x080001ef   Thumb Code     0  libinit.o(.ARM.Collect$$libinit$$00000000)
    __rt_lib_init_alloca_1                   0x080001f1   Thumb Code     0  libinit2.o(.ARM.Collect$$libinit$$0000002E)
    __rt_lib_init_argv_1                     0x080001f1   Thumb Code     0  libinit2.o(.ARM.Collect$$libinit$$0000002C)
    __rt_lib_init_atexit_1                   0x080001f1   Thumb Code     0  libinit2.o(.ARM.Collect$$libinit$$0000001B)
    __rt_lib_init_clock_1                    0x080001f1   Thumb Code     0  libinit2.o(.ARM.Collect$$libinit$$00000021)
    __rt_lib_init_cpp_1                      0x080001f1   Thumb Code     0  libinit2.o(.ARM.Collect$$libinit$$00000032)
    __rt_lib_init_exceptions_1               0x080001f1   Thumb Code     0  libinit2.o(.ARM.Collect$$libinit$$00000030)
    __rt_lib_init_fp_1                       0x080001f1   Thumb Code     0  libinit2.o(.ARM.Collect$$libinit$$00000002)
    __rt_lib_init_fp_trap_1                  0x080001f1   Thumb Code     0  libinit2.o(.ARM.Collect$$libinit$$0000001F)
    __rt_lib_init_getenv_1                   0x080001f1   Thumb Code     0  libinit2.o(.ARM.Collect$$libinit$$00000023)
    __rt_lib_init_heap_1                     0x080001f1   Thumb Code     0  libinit2.o(.ARM.Collect$$libinit$$0000000A)
    __rt_lib_init_lc_collate_1               0x080001f1   Thumb Code     0  libinit2.o(.ARM.Collect$$libinit$$00000011)
    __rt_lib_init_lc_ctype_1                 0x080001f1   Thumb Code     0  libinit2.o(.ARM.Collect$$libinit$$00000013)
    __rt_lib_init_lc_monetary_1              0x080001f1   Thumb Code     0  libinit2.o(.ARM.Collect$$libinit$$00000015)
    __rt_lib_init_lc_numeric_1               0x080001f1   Thumb Code     0  libinit2.o(.ARM.Collect$$libinit$$00000017)
    __rt_lib_init_lc_time_1                  0x080001f1   Thumb Code     0  libinit2.o(.ARM.Collect$$libinit$$00000019)
    __rt_lib_init_preinit_1                  0x080001f1   Thumb Code     0  libinit2.o(.ARM.Collect$$libinit$$00000004)
    __rt_lib_init_rand_1                     0x080001f1   Thumb Code     0  libinit2.o(.ARM.Collect$$libinit$$0000000E)
    __rt_lib_init_return                     0x080001f1   Thumb Code     0  libinit2.o(.ARM.Collect$$libinit$$00000033)
    __rt_lib_init_signal_1                   0x080001f1   Thumb Code     0  libinit2.o(.ARM.Collect$$libinit$$0000001D)
    __rt_lib_init_stdio_1                    0x080001f1   Thumb Code     0  libinit2.o(.ARM.Collect$$libinit$$00000025)
    __rt_lib_init_user_alloc_1               0x080001f1   Thumb Code     0  libinit2.o(.ARM.Collect$$libinit$$0000000C)
    __rt_lib_shutdown                        0x080001f3   Thumb Code     0  libshutdown.o(.ARM.Collect$$libshutdown$$00000000)
    __rt_lib_shutdown_fp_trap_1              0x080001f5   Thumb Code     0  libshutdown2.o(.ARM.Collect$$libshutdown$$00000006)
    __rt_lib_shutdown_heap_1                 0x080001f5   Thumb Code     0  libshutdown2.o(.ARM.Collect$$libshutdown$$0000000E)
    __rt_lib_shutdown_return                 0x080001f5   Thumb Code     0  libshutdown2.o(.ARM.Collect$$libshutdown$$0000000F)
    __rt_lib_shutdown_signal_1               0x080001f5   Thumb Code     0  libshutdown2.o(.ARM.Collect$$libshutdown$$00000009)
    __rt_lib_shutdown_stdio_1                0x080001f5   Thumb Code     0  libshutdown2.o(.ARM.Collect$$libshutdown$$00000003)
    __rt_lib_shutdown_user_alloc_1           0x080001f5   Thumb Code     0  libshutdown2.o(.ARM.Collect$$libshutdown$$0000000B)
    __rt_entry                               0x080001f7   Thumb Code     0  __rtentry.o(.ARM.Collect$$rtentry$$00000000)
    __rt_entry_presh_1                       0x080001f7   Thumb Code     0  __rtentry2.o(.ARM.Collect$$rtentry$$00000002)
    __rt_entry_sh                            0x080001f7   Thumb Code     0  __rtentry4.o(.ARM.Collect$$rtentry$$00000004)
    __rt_entry_li                            0x080001fd   Thumb Code     0  __rtentry2.o(.ARM.Collect$$rtentry$$0000000A)
    __rt_entry_postsh_1                      0x080001fd   Thumb Code     0  __rtentry2.o(.ARM.Collect$$rtentry$$00000009)
    __rt_entry_main                          0x08000201   Thumb Code     0  __rtentry2.o(.ARM.Collect$$rtentry$$0000000D)
    __rt_entry_postli_1                      0x08000201   Thumb Code     0  __rtentry2.o(.ARM.Collect$$rtentry$$0000000C)
    __rt_exit                                0x08000209   Thumb Code     0  rtexit.o(.ARM.Collect$$rtexit$$00000000)
    __rt_exit_ls                             0x0800020b   Thumb Code     0  rtexit2.o(.ARM.Collect$$rtexit$$00000003)
    __rt_exit_prels_1                        0x0800020b   Thumb Code     0  rtexit2.o(.ARM.Collect$$rtexit$$00000002)
    __rt_exit_exit                           0x0800020f   Thumb Code     0  rtexit2.o(.ARM.Collect$$rtexit$$00000004)
    shu_chu1                                 0x08000215   Thumb Code   402  main.o(.text)
    conversion_su                            0x080003a7   Thumb Code    84  main.o(.text)
    conversion_va                            0x080003fb   Thumb Code   504  main.o(.text)
    conversion_ad                            0x080005f3   Thumb Code   210  main.o(.text)
    xian_ad                                  0x080006c5   Thumb Code   128  main.o(.text)
    conversion_p                             0x08000745   Thumb Code   118  main.o(.text)
    xian_qiya                                0x080007bb   Thumb Code    82  main.o(.text)
    conversion_t                             0x0800080d   Thumb Code   144  main.o(.text)
    du_wendu                                 0x0800089d   Thumb Code   162  main.o(.text)
    ji_kong                                  0x0800093f   Thumb Code   658  main.o(.text)
    main                                     0x08000bd1   Thumb Code   912  main.o(.text)
    TIM2_IRQHandler                          0x08000f61   Thumb Code    56  main.o(.text)
    TIM3_IRQHandler                          0x08000f99   Thumb Code   264  main.o(.text)
    NMI_Handler                              0x080010ed   Thumb Code     2  stm32f10x_it.o(.text)
    HardFault_Handler                        0x080010ef   Thumb Code     4  stm32f10x_it.o(.text)
    MemManage_Handler                        0x080010f3   Thumb Code     4  stm32f10x_it.o(.text)
    BusFault_Handler                         0x080010f7   Thumb Code     4  stm32f10x_it.o(.text)
    UsageFault_Handler                       0x080010fb   Thumb Code     4  stm32f10x_it.o(.text)
    SVC_Handler                              0x080010ff   Thumb Code     2  stm32f10x_it.o(.text)
    DebugMon_Handler                         0x08001101   Thumb Code     2  stm32f10x_it.o(.text)
    PendSV_Handler                           0x08001103   Thumb Code     2  stm32f10x_it.o(.text)
    SysTick_Handler                          0x08001105   Thumb Code     2  stm32f10x_it.o(.text)
    SystemInit                               0x080011e7   Thumb Code    78  system_stm32f10x.o(.text)
    SystemCoreClockUpdate                    0x08001235   Thumb Code   142  system_stm32f10x.o(.text)
    LED_Init                                 0x080012e9   Thumb Code    72  led.o(.text)
    KEY_Init                                 0x08001339   Thumb Code    52  key.o(.text)
    KEY2_Init                                0x0800136d   Thumb Code    34  key.o(.text)
    KEY_Scan                                 0x0800138f   Thumb Code   188  key.o(.text)
    TIM3_Int_Init                            0x08001459   Thumb Code    90  timer.o(.text)
    TIM3_PWM_Init                            0x080014b3   Thumb Code   130  timer.o(.text)
    TIM1_PWM_Init                            0x08001535   Thumb Code   146  timer.o(.text)
    TIM2_CAP_Init                            0x080015c7   Thumb Code   124  timer.o(.text)
    Send_Byte                                0x08001659   Thumb Code    56  lcd12864.o(.text)
    Receive_Byte                             0x08001691   Thumb Code   124  lcd12864.o(.text)
    Check_Busy                               0x0800170d   Thumb Code    24  lcd12864.o(.text)
    Write_LCD_Data                           0x08001725   Thumb Code    56  lcd12864.o(.text)
    Write_LCD_Command                        0x0800175d   Thumb Code    56  lcd12864.o(.text)
    Display_LCD_Pos                          0x08001795   Thumb Code    52  lcd12864.o(.text)
    DisplayOneChar                           0x080017c9   Thumb Code    42  lcd12864.o(.text)
    I_C                                      0x080017f3   Thumb Code   138  lcd12864.o(.text)
    Draw_Clear                               0x0800187d   Thumb Code    38  lcd12864.o(.text)
    LCD12864_Init                            0x080018a3   Thumb Code   206  lcd12864.o(.text)
    Read_Data                                0x08001971   Thumb Code    18  lcd12864.o(.text)
    LCD_Clear_TXT                            0x08001983   Thumb Code    34  lcd12864.o(.text)
    LCD_Clear_BMP                            0x080019a5   Thumb Code    60  lcd12864.o(.text)
    Disp_HZ                                  0x080019e1   Thumb Code    76  lcd12864.o(.text)
    Display_LCD_String                       0x08001a2d   Thumb Code   112  lcd12864.o(.text)
    LCD_ShowString                           0x08001a9d   Thumb Code    54  lcd12864.o(.text)
    PutBMP                                   0x08001ad3   Thumb Code   120  lcd12864.o(.text)
    Draw_Dots                                0x08001b4b   Thumb Code   118  lcd12864.o(.text)
    Draw_Update                              0x08001bc1   Thumb Code    72  lcd12864.o(.text)
    Draw_Char4x5                             0x08001c09   Thumb Code   102  lcd12864.o(.text)
    Draw_Char4x5Line                         0x08001c6f   Thumb Code    56  lcd12864.o(.text)
    BMP180_delay                             0x08001cb5   Thumb Code    14  bmp180.o(.text)
    Multiple_read_BMP180                     0x08001cc3   Thumb Code    92  bmp180.o(.text)
    Write_BMP180                             0x08001d1f   Thumb Code    46  bmp180.o(.text)
    Read_calibration                         0x08001d4d   Thumb Code   306  bmp180.o(.text)
    BMP180_getdat                            0x08001e7f   Thumb Code   420  bmp180.o(.text)
    IIC_Init                                 0x08002069   Thumb Code    50  iic.o(.text)
    IIC_Start                                0x0800209b   Thumb Code    64  iic.o(.text)
    IIC_Stop                                 0x080020db   Thumb Code    66  iic.o(.text)
    IIC_Wait_Ack                             0x0800211d   Thumb Code    86  iic.o(.text)
    IIC_Ack                                  0x08002173   Thumb Code    70  iic.o(.text)
    IIC_NAck                                 0x080021b9   Thumb Code    70  iic.o(.text)
    IIC_Send_Byte                            0x080021ff   Thumb Code    86  iic.o(.text)
    IIC_Read_Byte                            0x08002255   Thumb Code   100  iic.o(.text)
    SPI_MAX6675_Init                         0x080022c5   Thumb Code   148  max6675.o(.text)
    MAX6675_ReadByte                         0x08002359   Thumb Code    48  max6675.o(.text)
    Adc_Init                                 0x08002391   Thumb Code   132  adc.o(.text)
    Get_Adc                                  0x08002415   Thumb Code    46  adc.o(.text)
    Get_Adc_Average                          0x08002443   Thumb Code    46  adc.o(.text)
    GPLED_Init                               0x08002479   Thumb Code    48  gp2y.o(.text)
    SPI_GPIO_Config                          0x080024b1   Thumb Code    62  db_amme.o(.text)
    READ_Att7022                             0x080024ef   Thumb Code   198  db_amme.o(.text)
    Write_Att7022                            0x080025b5   Thumb Code   226  db_amme.o(.text)
    EMU_init                                 0x08002697   Thumb Code   308  db_amme.o(.text)
    InitAmmeter                              0x080027cb   Thumb Code    28  db_amme.o(.text)
    ReadAmmeterData                          0x080027e7   Thumb Code  2070  db_amme.o(.text)
    sim_at_response                          0x0800303d   Thumb Code    46  bc95.o(.text)
    BC95_check_ack                           0x0800306b   Thumb Code    50  bc95.o(.text)
    BC95_check_ack2                          0x0800309d   Thumb Code    50  bc95.o(.text)
    creat_UDP_socket                         0x080030cf   Thumb Code    58  bc95.o(.text)
    BC95_send_cmd                            0x08003109   Thumb Code    76  bc95.o(.text)
    send_UDP_msg                             0x08003155   Thumb Code    64  bc95.o(.text)
    hex_to_str2                              0x08003195   Thumb Code   100  bc95.o(.text)
    HexToStr                                 0x080031f9   Thumb Code    82  bc95.o(.text)
    ByteToHexStr                             0x0800324b   Thumb Code    78  bc95.o(.text)
    BC95_init                                0x08003299   Thumb Code   212  bc95.o(.text)
    relay_Init                               0x08003441   Thumb Code   102  relay.o(.text)
    delay_init                               0x080034ad   Thumb Code    50  delay.o(.text)
    delay_us                                 0x080034df   Thumb Code    72  delay.o(.text)
    delay_ms                                 0x08003527   Thumb Code    72  delay.o(.text)
    _sys_exit                                0x08003581   Thumb Code     6  usart.o(.text)
    fputc                                    0x08003587   Thumb Code    24  usart.o(.text)
    uart_init                                0x0800359f   Thumb Code   152  usart.o(.text)
    TIM4_Set                                 0x08003637   Thumb Code    34  usart.o(.text)
    USART1_IRQHandler                        0x08003659   Thumb Code    82  usart.o(.text)
    TIM4_SetARR                              0x080036ab   Thumb Code    36  usart.o(.text)
    TIM4_IRQHandler                          0x080036cf   Thumb Code   104  usart.o(.text)
    TIM4_Init                                0x08003737   Thumb Code    82  usart.o(.text)
    UsartSend_Bit1                           0x08003789   Thumb Code    62  usart.o(.text)
    Reset_Handler                            0x080037f1   Thumb Code     8  startup_stm32f10x_hd.o(.text)
    ADC1_2_IRQHandler                        0x0800380b   Thumb Code     0  startup_stm32f10x_hd.o(.text)
    ADC3_IRQHandler                          0x0800380b   Thumb Code     0  startup_stm32f10x_hd.o(.text)
    CAN1_RX1_IRQHandler                      0x0800380b   Thumb Code     0  startup_stm32f10x_hd.o(.text)
    CAN1_SCE_IRQHandler                      0x0800380b   Thumb Code     0  startup_stm32f10x_hd.o(.text)
    DMA1_Channel1_IRQHandler                 0x0800380b   Thumb Code     0  startup_stm32f10x_hd.o(.text)
    DMA1_Channel2_IRQHandler                 0x0800380b   Thumb Code     0  startup_stm32f10x_hd.o(.text)
    DMA1_Channel3_IRQHandler                 0x0800380b   Thumb Code     0  startup_stm32f10x_hd.o(.text)
    DMA1_Channel4_IRQHandler                 0x0800380b   Thumb Code     0  startup_stm32f10x_hd.o(.text)
    DMA1_Channel5_IRQHandler                 0x0800380b   Thumb Code     0  startup_stm32f10x_hd.o(.text)
    DMA1_Channel6_IRQHandler                 0x0800380b   Thumb Code     0  startup_stm32f10x_hd.o(.text)
    DMA1_Channel7_IRQHandler                 0x0800380b   Thumb Code     0  startup_stm32f10x_hd.o(.text)
    DMA2_Channel1_IRQHandler                 0x0800380b   Thumb Code     0  startup_stm32f10x_hd.o(.text)
    DMA2_Channel2_IRQHandler                 0x0800380b   Thumb Code     0  startup_stm32f10x_hd.o(.text)
    DMA2_Channel3_IRQHandler                 0x0800380b   Thumb Code     0  startup_stm32f10x_hd.o(.text)
    DMA2_Channel4_5_IRQHandler               0x0800380b   Thumb Code     0  startup_stm32f10x_hd.o(.text)
    EXTI0_IRQHandler                         0x0800380b   Thumb Code     0  startup_stm32f10x_hd.o(.text)
    EXTI15_10_IRQHandler                     0x0800380b   Thumb Code     0  startup_stm32f10x_hd.o(.text)
    EXTI1_IRQHandler                         0x0800380b   Thumb Code     0  startup_stm32f10x_hd.o(.text)
    EXTI2_IRQHandler                         0x0800380b   Thumb Code     0  startup_stm32f10x_hd.o(.text)
    EXTI3_IRQHandler                         0x0800380b   Thumb Code     0  startup_stm32f10x_hd.o(.text)
    EXTI4_IRQHandler                         0x0800380b   Thumb Code     0  startup_stm32f10x_hd.o(.text)
    EXTI9_5_IRQHandler                       0x0800380b   Thumb Code     0  startup_stm32f10x_hd.o(.text)
    FLASH_IRQHandler                         0x0800380b   Thumb Code     0  startup_stm32f10x_hd.o(.text)
    FSMC_IRQHandler                          0x0800380b   Thumb Code     0  startup_stm32f10x_hd.o(.text)
    I2C1_ER_IRQHandler                       0x0800380b   Thumb Code     0  startup_stm32f10x_hd.o(.text)
    I2C1_EV_IRQHandler                       0x0800380b   Thumb Code     0  startup_stm32f10x_hd.o(.text)
    I2C2_ER_IRQHandler                       0x0800380b   Thumb Code     0  startup_stm32f10x_hd.o(.text)
    I2C2_EV_IRQHandler                       0x0800380b   Thumb Code     0  startup_stm32f10x_hd.o(.text)
    PVD_IRQHandler                           0x0800380b   Thumb Code     0  startup_stm32f10x_hd.o(.text)
    RCC_IRQHandler                           0x0800380b   Thumb Code     0  startup_stm32f10x_hd.o(.text)
    RTCAlarm_IRQHandler                      0x0800380b   Thumb Code     0  startup_stm32f10x_hd.o(.text)
    RTC_IRQHandler                           0x0800380b   Thumb Code     0  startup_stm32f10x_hd.o(.text)
    SDIO_IRQHandler                          0x0800380b   Thumb Code     0  startup_stm32f10x_hd.o(.text)
    SPI1_IRQHandler                          0x0800380b   Thumb Code     0  startup_stm32f10x_hd.o(.text)
    SPI2_IRQHandler                          0x0800380b   Thumb Code     0  startup_stm32f10x_hd.o(.text)
    SPI3_IRQHandler                          0x0800380b   Thumb Code     0  startup_stm32f10x_hd.o(.text)
    TAMPER_IRQHandler                        0x0800380b   Thumb Code     0  startup_stm32f10x_hd.o(.text)
    TIM1_BRK_IRQHandler                      0x0800380b   Thumb Code     0  startup_stm32f10x_hd.o(.text)
    TIM1_CC_IRQHandler                       0x0800380b   Thumb Code     0  startup_stm32f10x_hd.o(.text)
    TIM1_TRG_COM_IRQHandler                  0x0800380b   Thumb Code     0  startup_stm32f10x_hd.o(.text)
    TIM1_UP_IRQHandler                       0x0800380b   Thumb Code     0  startup_stm32f10x_hd.o(.text)
    TIM5_IRQHandler                          0x0800380b   Thumb Code     0  startup_stm32f10x_hd.o(.text)
    TIM6_IRQHandler                          0x0800380b   Thumb Code     0  startup_stm32f10x_hd.o(.text)
    TIM7_IRQHandler                          0x0800380b   Thumb Code     0  startup_stm32f10x_hd.o(.text)
    TIM8_BRK_IRQHandler                      0x0800380b   Thumb Code     0  startup_stm32f10x_hd.o(.text)
    TIM8_CC_IRQHandler                       0x0800380b   Thumb Code     0  startup_stm32f10x_hd.o(.text)
    TIM8_TRG_COM_IRQHandler                  0x0800380b   Thumb Code     0  startup_stm32f10x_hd.o(.text)
    TIM8_UP_IRQHandler                       0x0800380b   Thumb Code     0  startup_stm32f10x_hd.o(.text)
    UART4_IRQHandler                         0x0800380b   Thumb Code     0  startup_stm32f10x_hd.o(.text)
    UART5_IRQHandler                         0x0800380b   Thumb Code     0  startup_stm32f10x_hd.o(.text)
    USART2_IRQHandler                        0x0800380b   Thumb Code     0  startup_stm32f10x_hd.o(.text)
    USART3_IRQHandler                        0x0800380b   Thumb Code     0  startup_stm32f10x_hd.o(.text)
    USBWakeUp_IRQHandler                     0x0800380b   Thumb Code     0  startup_stm32f10x_hd.o(.text)
    USB_HP_CAN1_TX_IRQHandler                0x0800380b   Thumb Code     0  startup_stm32f10x_hd.o(.text)
    USB_LP_CAN1_RX0_IRQHandler               0x0800380b   Thumb Code     0  startup_stm32f10x_hd.o(.text)
    WWDG_IRQHandler                          0x0800380b   Thumb Code     0  startup_stm32f10x_hd.o(.text)
    __user_initial_stackheap                 0x0800380d   Thumb Code     0  startup_stm32f10x_hd.o(.text)
    GPIO_DeInit                              0x08003831   Thumb Code   172  stm32f10x_gpio.o(.text)
    GPIO_AFIODeInit                          0x080038dd   Thumb Code    20  stm32f10x_gpio.o(.text)
    GPIO_Init                                0x080038f1   Thumb Code   278  stm32f10x_gpio.o(.text)
    GPIO_StructInit                          0x08003a07   Thumb Code    16  stm32f10x_gpio.o(.text)
    GPIO_ReadInputDataBit                    0x08003a17   Thumb Code    18  stm32f10x_gpio.o(.text)
    GPIO_ReadInputData                       0x08003a29   Thumb Code     8  stm32f10x_gpio.o(.text)
    GPIO_ReadOutputDataBit                   0x08003a31   Thumb Code    18  stm32f10x_gpio.o(.text)
    GPIO_ReadOutputData                      0x08003a43   Thumb Code     8  stm32f10x_gpio.o(.text)
    GPIO_SetBits                             0x08003a4b   Thumb Code     4  stm32f10x_gpio.o(.text)
    GPIO_ResetBits                           0x08003a4f   Thumb Code     4  stm32f10x_gpio.o(.text)
    GPIO_WriteBit                            0x08003a53   Thumb Code    10  stm32f10x_gpio.o(.text)
    GPIO_Write                               0x08003a5d   Thumb Code     4  stm32f10x_gpio.o(.text)
    GPIO_PinLockConfig                       0x08003a61   Thumb Code    18  stm32f10x_gpio.o(.text)
    GPIO_EventOutputConfig                   0x08003a73   Thumb Code    26  stm32f10x_gpio.o(.text)
    GPIO_EventOutputCmd                      0x08003a8d   Thumb Code     6  stm32f10x_gpio.o(.text)
    GPIO_PinRemapConfig                      0x08003a93   Thumb Code   138  stm32f10x_gpio.o(.text)
    GPIO_EXTILineConfig                      0x08003b1d   Thumb Code    66  stm32f10x_gpio.o(.text)
    GPIO_ETH_MediaInterfaceConfig            0x08003b5f   Thumb Code     8  stm32f10x_gpio.o(.text)
    RCC_DeInit                               0x08003b8d   Thumb Code    64  stm32f10x_rcc.o(.text)
    RCC_HSEConfig                            0x08003bcd   Thumb Code    70  stm32f10x_rcc.o(.text)
    RCC_GetFlagStatus                        0x08003c13   Thumb Code    56  stm32f10x_rcc.o(.text)
    RCC_WaitForHSEStartUp                    0x08003c4b   Thumb Code    56  stm32f10x_rcc.o(.text)
    RCC_AdjustHSICalibrationValue            0x08003c83   Thumb Code    20  stm32f10x_rcc.o(.text)
    RCC_HSICmd                               0x08003c97   Thumb Code     6  stm32f10x_rcc.o(.text)
    RCC_PLLConfig                            0x08003c9d   Thumb Code    24  stm32f10x_rcc.o(.text)
    RCC_PLLCmd                               0x08003cb5   Thumb Code     6  stm32f10x_rcc.o(.text)
    RCC_SYSCLKConfig                         0x08003cbb   Thumb Code    18  stm32f10x_rcc.o(.text)
    RCC_GetSYSCLKSource                      0x08003ccd   Thumb Code    10  stm32f10x_rcc.o(.text)
    RCC_HCLKConfig                           0x08003cd7   Thumb Code    18  stm32f10x_rcc.o(.text)
    RCC_PCLK1Config                          0x08003ce9   Thumb Code    18  stm32f10x_rcc.o(.text)
    RCC_PCLK2Config                          0x08003cfb   Thumb Code    20  stm32f10x_rcc.o(.text)
    RCC_ITConfig                             0x08003d0f   Thumb Code    26  stm32f10x_rcc.o(.text)
    RCC_USBCLKConfig                         0x08003d29   Thumb Code     8  stm32f10x_rcc.o(.text)
    RCC_ADCCLKConfig                         0x08003d31   Thumb Code    18  stm32f10x_rcc.o(.text)
    RCC_LSEConfig                            0x08003d43   Thumb Code    50  stm32f10x_rcc.o(.text)
    RCC_LSICmd                               0x08003d75   Thumb Code     6  stm32f10x_rcc.o(.text)
    RCC_RTCCLKConfig                         0x08003d7b   Thumb Code    12  stm32f10x_rcc.o(.text)
    RCC_RTCCLKCmd                            0x08003d87   Thumb Code     8  stm32f10x_rcc.o(.text)
    RCC_GetClocksFreq                        0x08003d8f   Thumb Code   192  stm32f10x_rcc.o(.text)
    RCC_AHBPeriphClockCmd                    0x08003e4f   Thumb Code    26  stm32f10x_rcc.o(.text)
    RCC_APB2PeriphClockCmd                   0x08003e69   Thumb Code    26  stm32f10x_rcc.o(.text)
    RCC_APB1PeriphClockCmd                   0x08003e83   Thumb Code    26  stm32f10x_rcc.o(.text)
    RCC_APB2PeriphResetCmd                   0x08003e9d   Thumb Code    26  stm32f10x_rcc.o(.text)
    RCC_APB1PeriphResetCmd                   0x08003eb7   Thumb Code    26  stm32f10x_rcc.o(.text)
    RCC_BackupResetCmd                       0x08003ed1   Thumb Code     8  stm32f10x_rcc.o(.text)
    RCC_ClockSecuritySystemCmd               0x08003ed9   Thumb Code     6  stm32f10x_rcc.o(.text)
    RCC_MCOConfig                            0x08003edf   Thumb Code     6  stm32f10x_rcc.o(.text)
    RCC_ClearFlag                            0x08003ee5   Thumb Code    14  stm32f10x_rcc.o(.text)
    RCC_GetITStatus                          0x08003ef3   Thumb Code    20  stm32f10x_rcc.o(.text)
    RCC_ClearITPendingBit                    0x08003f07   Thumb Code     6  stm32f10x_rcc.o(.text)
    USART_DeInit                             0x08003f31   Thumb Code   134  stm32f10x_usart.o(.text)
    USART_Init                               0x08003fb7   Thumb Code   210  stm32f10x_usart.o(.text)
    USART_StructInit                         0x08004089   Thumb Code    24  stm32f10x_usart.o(.text)
    USART_ClockInit                          0x080040a1   Thumb Code    34  stm32f10x_usart.o(.text)
    USART_ClockStructInit                    0x080040c3   Thumb Code    12  stm32f10x_usart.o(.text)
    USART_Cmd                                0x080040cf   Thumb Code    24  stm32f10x_usart.o(.text)
    USART_ITConfig                           0x080040e7   Thumb Code    74  stm32f10x_usart.o(.text)
    USART_DMACmd                             0x08004131   Thumb Code    18  stm32f10x_usart.o(.text)
    USART_SetAddress                         0x08004143   Thumb Code    18  stm32f10x_usart.o(.text)
    USART_WakeUpConfig                       0x08004155   Thumb Code    18  stm32f10x_usart.o(.text)
    USART_ReceiverWakeUpCmd                  0x08004167   Thumb Code    24  stm32f10x_usart.o(.text)
    USART_LINBreakDetectLengthConfig         0x0800417f   Thumb Code    18  stm32f10x_usart.o(.text)
    USART_LINCmd                             0x08004191   Thumb Code    24  stm32f10x_usart.o(.text)
    USART_SendData                           0x080041a9   Thumb Code     8  stm32f10x_usart.o(.text)
    USART_ReceiveData                        0x080041b1   Thumb Code    10  stm32f10x_usart.o(.text)
    USART_SendBreak                          0x080041bb   Thumb Code    10  stm32f10x_usart.o(.text)
    USART_SetGuardTime                       0x080041c5   Thumb Code    16  stm32f10x_usart.o(.text)
    USART_SetPrescaler                       0x080041d5   Thumb Code    16  stm32f10x_usart.o(.text)
    USART_SmartCardCmd                       0x080041e5   Thumb Code    24  stm32f10x_usart.o(.text)
    USART_SmartCardNACKCmd                   0x080041fd   Thumb Code    24  stm32f10x_usart.o(.text)
    USART_HalfDuplexCmd                      0x08004215   Thumb Code    24  stm32f10x_usart.o(.text)
    USART_OverSampling8Cmd                   0x0800422d   Thumb Code    22  stm32f10x_usart.o(.text)
    USART_OneBitMethodCmd                    0x08004243   Thumb Code    24  stm32f10x_usart.o(.text)
    USART_IrDAConfig                         0x0800425b   Thumb Code    18  stm32f10x_usart.o(.text)
    USART_IrDACmd                            0x0800426d   Thumb Code    24  stm32f10x_usart.o(.text)
    USART_GetFlagStatus                      0x08004285   Thumb Code    26  stm32f10x_usart.o(.text)
    USART_ClearFlag                          0x0800429f   Thumb Code    18  stm32f10x_usart.o(.text)
    USART_GetITStatus                        0x080042b1   Thumb Code    84  stm32f10x_usart.o(.text)
    USART_ClearITPendingBit                  0x08004305   Thumb Code    52  stm32f10x_usart.o(.text)
    SPI_I2S_DeInit                           0x08004339   Thumb Code    76  stm32f10x_spi.o(.text)
    SPI_Init                                 0x08004385   Thumb Code    60  stm32f10x_spi.o(.text)
    I2S_Init                                 0x080043c1   Thumb Code   226  stm32f10x_spi.o(.text)
    SPI_StructInit                           0x080044a3   Thumb Code    24  stm32f10x_spi.o(.text)
    I2S_StructInit                           0x080044bb   Thumb Code    20  stm32f10x_spi.o(.text)
    SPI_Cmd                                  0x080044cf   Thumb Code    24  stm32f10x_spi.o(.text)
    I2S_Cmd                                  0x080044e7   Thumb Code    24  stm32f10x_spi.o(.text)
    SPI_I2S_ITConfig                         0x080044ff   Thumb Code    32  stm32f10x_spi.o(.text)
    SPI_I2S_DMACmd                           0x0800451f   Thumb Code    18  stm32f10x_spi.o(.text)
    SPI_I2S_SendData                         0x08004531   Thumb Code     4  stm32f10x_spi.o(.text)
    SPI_I2S_ReceiveData                      0x08004535   Thumb Code     6  stm32f10x_spi.o(.text)
    SPI_NSSInternalSoftwareConfig            0x0800453b   Thumb Code    30  stm32f10x_spi.o(.text)
    SPI_SSOutputCmd                          0x08004559   Thumb Code    24  stm32f10x_spi.o(.text)
    SPI_DataSizeConfig                       0x08004571   Thumb Code    18  stm32f10x_spi.o(.text)
    SPI_TransmitCRC                          0x08004583   Thumb Code    10  stm32f10x_spi.o(.text)
    SPI_CalculateCRC                         0x0800458d   Thumb Code    24  stm32f10x_spi.o(.text)
    SPI_GetCRC                               0x080045a5   Thumb Code    16  stm32f10x_spi.o(.text)
    SPI_GetCRCPolynomial                     0x080045b5   Thumb Code     6  stm32f10x_spi.o(.text)
    SPI_BiDirectionalLineConfig              0x080045bb   Thumb Code    28  stm32f10x_spi.o(.text)
    SPI_I2S_GetFlagStatus                    0x080045d7   Thumb Code    18  stm32f10x_spi.o(.text)
    SPI_I2S_ClearFlag                        0x080045e9   Thumb Code     6  stm32f10x_spi.o(.text)
    SPI_I2S_GetITStatus                      0x080045ef   Thumb Code    52  stm32f10x_spi.o(.text)
    SPI_I2S_ClearITPendingBit                0x08004623   Thumb Code    20  stm32f10x_spi.o(.text)
    NVIC_PriorityGroupConfig                 0x08004645   Thumb Code    10  misc.o(.text)
    NVIC_Init                                0x0800464f   Thumb Code   100  misc.o(.text)
    NVIC_SetVectorTable                      0x080046b3   Thumb Code    14  misc.o(.text)
    NVIC_SystemLPConfig                      0x080046c1   Thumb Code    34  misc.o(.text)
    SysTick_CLKSourceConfig                  0x080046e3   Thumb Code    40  misc.o(.text)
    TIM_DeInit                               0x08004721   Thumb Code   424  stm32f10x_tim.o(.text)
    TIM_TimeBaseInit                         0x080048c9   Thumb Code   122  stm32f10x_tim.o(.text)
    TIM_OC1Init                              0x08004943   Thumb Code   132  stm32f10x_tim.o(.text)
    TIM_OC2Init                              0x080049c7   Thumb Code   154  stm32f10x_tim.o(.text)
    TIM_OC3Init                              0x08004a61   Thumb Code   150  stm32f10x_tim.o(.text)
    TIM_OC4Init                              0x08004af7   Thumb Code   182  stm32f10x_tim.o(.text)
    TIM_SetIC4Prescaler                      0x08004bad   Thumb Code    26  stm32f10x_tim.o(.text)
    TIM_SetIC3Prescaler                      0x08004c49   Thumb Code    18  stm32f10x_tim.o(.text)
    TIM_SetIC2Prescaler                      0x08004cd5   Thumb Code    26  stm32f10x_tim.o(.text)
    TIM_SetIC1Prescaler                      0x08004d71   Thumb Code    18  stm32f10x_tim.o(.text)
    TIM_ICInit                               0x08004def   Thumb Code   150  stm32f10x_tim.o(.text)
    TIM_PWMIConfig                           0x08004e85   Thumb Code   124  stm32f10x_tim.o(.text)
    TIM_BDTRConfig                           0x08004f01   Thumb Code    32  stm32f10x_tim.o(.text)
    TIM_TimeBaseStructInit                   0x08004f21   Thumb Code    18  stm32f10x_tim.o(.text)
    TIM_OCStructInit                         0x08004f33   Thumb Code    20  stm32f10x_tim.o(.text)
    TIM_ICStructInit                         0x08004f47   Thumb Code    18  stm32f10x_tim.o(.text)
    TIM_BDTRStructInit                       0x08004f59   Thumb Code    40  stm32f10x_tim.o(.text)
    TIM_Cmd                                  0x08004f81   Thumb Code    24  stm32f10x_tim.o(.text)
    TIM_CtrlPWMOutputs                       0x08004f99   Thumb Code    30  stm32f10x_tim.o(.text)
    TIM_ITConfig                             0x08004fb7   Thumb Code    18  stm32f10x_tim.o(.text)
    TIM_GenerateEvent                        0x08004fc9   Thumb Code     4  stm32f10x_tim.o(.text)
    TIM_DMAConfig                            0x08004fcd   Thumb Code    10  stm32f10x_tim.o(.text)
    TIM_DMACmd                               0x08004fd7   Thumb Code    18  stm32f10x_tim.o(.text)
    TIM_InternalClockConfig                  0x08004fe9   Thumb Code    12  stm32f10x_tim.o(.text)
    TIM_SelectInputTrigger                   0x08004ff5   Thumb Code    18  stm32f10x_tim.o(.text)
    TIM_ITRxExternalClockConfig              0x08005007   Thumb Code    24  stm32f10x_tim.o(.text)
    TIM_TIxExternalClockConfig               0x0800501f   Thumb Code    62  stm32f10x_tim.o(.text)
    TIM_ETRConfig                            0x0800505d   Thumb Code    28  stm32f10x_tim.o(.text)
    TIM_ETRClockMode1Config                  0x08005079   Thumb Code    54  stm32f10x_tim.o(.text)
    TIM_ETRClockMode2Config                  0x080050af   Thumb Code    32  stm32f10x_tim.o(.text)
    TIM_PrescalerConfig                      0x080050cf   Thumb Code     6  stm32f10x_tim.o(.text)
    TIM_CounterModeConfig                    0x080050d5   Thumb Code    18  stm32f10x_tim.o(.text)
    TIM_EncoderInterfaceConfig               0x080050e7   Thumb Code    66  stm32f10x_tim.o(.text)
    TIM_ForcedOC1Config                      0x08005129   Thumb Code    18  stm32f10x_tim.o(.text)
    TIM_ForcedOC2Config                      0x0800513b   Thumb Code    26  stm32f10x_tim.o(.text)
    TIM_ForcedOC3Config                      0x08005155   Thumb Code    18  stm32f10x_tim.o(.text)
    TIM_ForcedOC4Config                      0x08005167   Thumb Code    26  stm32f10x_tim.o(.text)
    TIM_ARRPreloadConfig                     0x08005181   Thumb Code    24  stm32f10x_tim.o(.text)
    TIM_SelectCOM                            0x08005199   Thumb Code    24  stm32f10x_tim.o(.text)
    TIM_SelectCCDMA                          0x080051b1   Thumb Code    24  stm32f10x_tim.o(.text)
    TIM_CCPreloadControl                     0x080051c9   Thumb Code    24  stm32f10x_tim.o(.text)
    TIM_OC1PreloadConfig                     0x080051e1   Thumb Code    18  stm32f10x_tim.o(.text)
    TIM_OC2PreloadConfig                     0x080051f3   Thumb Code    26  stm32f10x_tim.o(.text)
    TIM_OC3PreloadConfig                     0x0800520d   Thumb Code    18  stm32f10x_tim.o(.text)
    TIM_OC4PreloadConfig                     0x0800521f   Thumb Code    26  stm32f10x_tim.o(.text)
    TIM_OC1FastConfig                        0x08005239   Thumb Code    18  stm32f10x_tim.o(.text)
    TIM_OC2FastConfig                        0x0800524b   Thumb Code    26  stm32f10x_tim.o(.text)
    TIM_OC3FastConfig                        0x08005265   Thumb Code    18  stm32f10x_tim.o(.text)
    TIM_OC4FastConfig                        0x08005277   Thumb Code    26  stm32f10x_tim.o(.text)
    TIM_ClearOC1Ref                          0x08005291   Thumb Code    18  stm32f10x_tim.o(.text)
    TIM_ClearOC2Ref                          0x080052a3   Thumb Code    24  stm32f10x_tim.o(.text)
    TIM_ClearOC3Ref                          0x080052bb   Thumb Code    18  stm32f10x_tim.o(.text)
    TIM_ClearOC4Ref                          0x080052cd   Thumb Code    24  stm32f10x_tim.o(.text)
    TIM_OC1PolarityConfig                    0x080052e5   Thumb Code    18  stm32f10x_tim.o(.text)
    TIM_OC1NPolarityConfig                   0x080052f7   Thumb Code    18  stm32f10x_tim.o(.text)
    TIM_OC2PolarityConfig                    0x08005309   Thumb Code    26  stm32f10x_tim.o(.text)
    TIM_OC2NPolarityConfig                   0x08005323   Thumb Code    26  stm32f10x_tim.o(.text)
    TIM_OC3PolarityConfig                    0x0800533d   Thumb Code    26  stm32f10x_tim.o(.text)
    TIM_OC3NPolarityConfig                   0x08005357   Thumb Code    26  stm32f10x_tim.o(.text)
    TIM_OC4PolarityConfig                    0x08005371   Thumb Code    26  stm32f10x_tim.o(.text)
    TIM_CCxCmd                               0x0800538b   Thumb Code    30  stm32f10x_tim.o(.text)
    TIM_CCxNCmd                              0x080053a9   Thumb Code    30  stm32f10x_tim.o(.text)
    TIM_SelectOCxM                           0x080053c7   Thumb Code    82  stm32f10x_tim.o(.text)
    TIM_UpdateDisableConfig                  0x08005419   Thumb Code    24  stm32f10x_tim.o(.text)
    TIM_UpdateRequestConfig                  0x08005431   Thumb Code    24  stm32f10x_tim.o(.text)
    TIM_SelectHallSensor                     0x08005449   Thumb Code    24  stm32f10x_tim.o(.text)
    TIM_SelectOnePulseMode                   0x08005461   Thumb Code    18  stm32f10x_tim.o(.text)
    TIM_SelectOutputTrigger                  0x08005473   Thumb Code    18  stm32f10x_tim.o(.text)
    TIM_SelectSlaveMode                      0x08005485   Thumb Code    18  stm32f10x_tim.o(.text)
    TIM_SelectMasterSlaveMode                0x08005497   Thumb Code    18  stm32f10x_tim.o(.text)
    TIM_SetCounter                           0x080054a9   Thumb Code     4  stm32f10x_tim.o(.text)
    TIM_SetAutoreload                        0x080054ad   Thumb Code     4  stm32f10x_tim.o(.text)
    TIM_SetCompare1                          0x080054b1   Thumb Code     4  stm32f10x_tim.o(.text)
    TIM_SetCompare2                          0x080054b5   Thumb Code     4  stm32f10x_tim.o(.text)
    TIM_SetCompare3                          0x080054b9   Thumb Code     4  stm32f10x_tim.o(.text)
    TIM_SetCompare4                          0x080054bd   Thumb Code     6  stm32f10x_tim.o(.text)
    TIM_SetClockDivision                     0x080054c3   Thumb Code    18  stm32f10x_tim.o(.text)
    TIM_GetCapture1                          0x080054d5   Thumb Code     6  stm32f10x_tim.o(.text)
    TIM_GetCapture2                          0x080054db   Thumb Code     6  stm32f10x_tim.o(.text)
    TIM_GetCapture3                          0x080054e1   Thumb Code     6  stm32f10x_tim.o(.text)
    TIM_GetCapture4                          0x080054e7   Thumb Code     8  stm32f10x_tim.o(.text)
    TIM_GetCounter                           0x080054ef   Thumb Code     6  stm32f10x_tim.o(.text)
    TIM_GetPrescaler                         0x080054f5   Thumb Code     6  stm32f10x_tim.o(.text)
    TIM_GetFlagStatus                        0x080054fb   Thumb Code    18  stm32f10x_tim.o(.text)
    TIM_ClearFlag                            0x0800550d   Thumb Code     6  stm32f10x_tim.o(.text)
    TIM_GetITStatus                          0x08005513   Thumb Code    34  stm32f10x_tim.o(.text)
    TIM_ClearITPendingBit                    0x08005535   Thumb Code     6  stm32f10x_tim.o(.text)
    ADC_DeInit                               0x0800553d   Thumb Code    78  stm32f10x_adc.o(.text)
    ADC_Init                                 0x0800558b   Thumb Code    70  stm32f10x_adc.o(.text)
    ADC_StructInit                           0x080055d1   Thumb Code    18  stm32f10x_adc.o(.text)
    ADC_Cmd                                  0x080055e3   Thumb Code    22  stm32f10x_adc.o(.text)
    ADC_DMACmd                               0x080055f9   Thumb Code    22  stm32f10x_adc.o(.text)
    ADC_ITConfig                             0x0800560f   Thumb Code    24  stm32f10x_adc.o(.text)
    ADC_ResetCalibration                     0x08005627   Thumb Code    10  stm32f10x_adc.o(.text)
    ADC_GetResetCalibrationStatus            0x08005631   Thumb Code    20  stm32f10x_adc.o(.text)
    ADC_StartCalibration                     0x08005645   Thumb Code    10  stm32f10x_adc.o(.text)
    ADC_GetCalibrationStatus                 0x0800564f   Thumb Code    20  stm32f10x_adc.o(.text)
    ADC_SoftwareStartConvCmd                 0x08005663   Thumb Code    22  stm32f10x_adc.o(.text)
    ADC_GetSoftwareStartConvStatus           0x08005679   Thumb Code    20  stm32f10x_adc.o(.text)
    ADC_DiscModeChannelCountConfig           0x0800568d   Thumb Code    24  stm32f10x_adc.o(.text)
    ADC_DiscModeCmd                          0x080056a5   Thumb Code    22  stm32f10x_adc.o(.text)
    ADC_RegularChannelConfig                 0x080056bb   Thumb Code   184  stm32f10x_adc.o(.text)
    ADC_ExternalTrigConvCmd                  0x08005773   Thumb Code    22  stm32f10x_adc.o(.text)
    ADC_GetConversionValue                   0x08005789   Thumb Code     8  stm32f10x_adc.o(.text)
    ADC_GetDualModeConversionValue           0x08005791   Thumb Code     8  stm32f10x_adc.o(.text)
    ADC_AutoInjectedConvCmd                  0x08005799   Thumb Code    22  stm32f10x_adc.o(.text)
    ADC_InjectedDiscModeCmd                  0x080057af   Thumb Code    22  stm32f10x_adc.o(.text)
    ADC_ExternalTrigInjectedConvConfig       0x080057c5   Thumb Code    16  stm32f10x_adc.o(.text)
    ADC_ExternalTrigInjectedConvCmd          0x080057d5   Thumb Code    22  stm32f10x_adc.o(.text)
    ADC_SoftwareStartInjectedConvCmd         0x080057eb   Thumb Code    22  stm32f10x_adc.o(.text)
    ADC_GetSoftwareStartInjectedConvCmdStatus 0x08005801   Thumb Code    20  stm32f10x_adc.o(.text)
    ADC_InjectedChannelConfig                0x08005815   Thumb Code   130  stm32f10x_adc.o(.text)
    ADC_InjectedSequencerLengthConfig        0x08005897   Thumb Code    24  stm32f10x_adc.o(.text)
    ADC_SetInjectedOffset                    0x080058af   Thumb Code    20  stm32f10x_adc.o(.text)
    ADC_GetInjectedConversionValue           0x080058c3   Thumb Code    28  stm32f10x_adc.o(.text)
    ADC_AnalogWatchdogCmd                    0x080058df   Thumb Code    16  stm32f10x_adc.o(.text)
    ADC_AnalogWatchdogThresholdsConfig       0x080058ef   Thumb Code     6  stm32f10x_adc.o(.text)
    ADC_AnalogWatchdogSingleChannelConfig    0x080058f5   Thumb Code    16  stm32f10x_adc.o(.text)
    ADC_TempSensorVrefintCmd                 0x08005905   Thumb Code    64  stm32f10x_adc.o(.text)
    ADC_GetFlagStatus                        0x08005945   Thumb Code    18  stm32f10x_adc.o(.text)
    ADC_ClearFlag                            0x08005957   Thumb Code     6  stm32f10x_adc.o(.text)
    ADC_GetITStatus                          0x0800595d   Thumb Code    36  stm32f10x_adc.o(.text)
    ADC_ClearITPendingBit                    0x08005981   Thumb Code    10  stm32f10x_adc.o(.text)
    __use_no_semihosting                     0x0800598b   Thumb Code     2  use_no_semi_2.o(.text)
    __2printf                                0x0800598d   Thumb Code    20  noretval__2printf.o(.text)
    __printf                                 0x080059a5   Thumb Code   104  __printf.o(.text)
    _printf_str                              0x08005a0d   Thumb Code    82  _printf_str.o(.text)
    strstr                                   0x08005a5f   Thumb Code    36  strstr.o(.text)
    strcat                                   0x08005a83   Thumb Code    24  strcat.o(.text)
    __aeabi_memcpy4                          0x08005a9b   Thumb Code     0  rt_memcpy_w.o(.text)
    __aeabi_memcpy8                          0x08005a9b   Thumb Code     0  rt_memcpy_w.o(.text)
    __rt_memcpy_w                            0x08005a9b   Thumb Code   100  rt_memcpy_w.o(.text)
    _memcpy_lastbytes_aligned                0x08005ae3   Thumb Code     0  rt_memcpy_w.o(.text)
    __use_two_region_memory                  0x08005aff   Thumb Code     2  heapauxi.o(.text)
    __rt_heap_escrow$2region                 0x08005b01   Thumb Code     2  heapauxi.o(.text)
    __rt_heap_expand$2region                 0x08005b03   Thumb Code     2  heapauxi.o(.text)
    __I$use$semihosting                      0x08005b05   Thumb Code     0  use_no_semi.o(.text)
    __use_no_semihosting_swi                 0x08005b05   Thumb Code     2  use_no_semi.o(.text)
    _printf_cs_common                        0x08005b07   Thumb Code    20  _printf_char.o(.text)
    _printf_char                             0x08005b1b   Thumb Code    16  _printf_char.o(.text)
    _printf_string                           0x08005b2b   Thumb Code     8  _printf_char.o(.text)
    _printf_char_file                        0x08005b35   Thumb Code    32  _printf_char_file.o(.text)
    _printf_char_common                      0x08005b63   Thumb Code    32  _printf_char_common.o(.text)
    ferror                                   0x08005b89   Thumb Code     8  ferror.o(.text)
    __user_setup_stackheap                   0x08005b91   Thumb Code    74  sys_stackheap_outer.o(.text)
    exit                                     0x08005bdb   Thumb Code    12  exit.o(.text)
    __user_libspace                          0x08005be9   Thumb Code     8  libspace.o(.text)
    __user_perproc_libspace                  0x08005be9   Thumb Code     0  libspace.o(.text)
    __user_perthread_libspace                0x08005be9   Thumb Code     0  libspace.o(.text)
    __aeabi_d2f                              0x08005bf1   Thumb Code     0  d2f.o(x$fpl$d2f)
    _d2f                                     0x08005bf1   Thumb Code    98  d2f.o(x$fpl$d2f)
    __aeabi_dadd                             0x08005c55   Thumb Code     0  daddsub_clz.o(x$fpl$dadd)
    _dadd                                    0x08005c55   Thumb Code   332  daddsub_clz.o(x$fpl$dadd)
    __fpl_dcmp_Inf                           0x08005da5   Thumb Code    24  dcmpi.o(x$fpl$dcmpinf)
    __aeabi_ddiv                             0x08005dbd   Thumb Code     0  ddiv.o(x$fpl$ddiv)
    _ddiv                                    0x08005dbd   Thumb Code   552  ddiv.o(x$fpl$ddiv)
    __aeabi_d2uiz                            0x0800606d   Thumb Code     0  dfixu.o(x$fpl$dfixu)
    _dfixu                                   0x0800606d   Thumb Code    90  dfixu.o(x$fpl$dfixu)
    __aeabi_i2d                              0x080060c7   Thumb Code     0  dflt_clz.o(x$fpl$dflt)
    _dflt                                    0x080060c7   Thumb Code    46  dflt_clz.o(x$fpl$dflt)
    __aeabi_ui2d                             0x080060f5   Thumb Code     0  dflt_clz.o(x$fpl$dfltu)
    _dfltu                                   0x080060f5   Thumb Code    38  dflt_clz.o(x$fpl$dfltu)
    __aeabi_cdcmple                          0x0800611d   Thumb Code     0  dleqf.o(x$fpl$dleqf)
    _dcmple                                  0x0800611d   Thumb Code   120  dleqf.o(x$fpl$dleqf)
    __fpl_dcmple_InfNaN                      0x0800617f   Thumb Code     0  dleqf.o(x$fpl$dleqf)
    __aeabi_dmul                             0x08006195   Thumb Code     0  dmul.o(x$fpl$dmul)
    _dmul                                    0x08006195   Thumb Code   332  dmul.o(x$fpl$dmul)
    __fpl_dnaninf                            0x080062e9   Thumb Code   156  dnaninf.o(x$fpl$dnaninf)
    __fpl_dretinf                            0x08006385   Thumb Code    12  dretinf.o(x$fpl$dretinf)
    __aeabi_cdrcmple                         0x08006391   Thumb Code     0  drleqf.o(x$fpl$drleqf)
    _drcmple                                 0x08006391   Thumb Code   108  drleqf.o(x$fpl$drleqf)
    __aeabi_dsub                             0x080063fd   Thumb Code     0  daddsub_clz.o(x$fpl$dsub)
    _dsub                                    0x080063fd   Thumb Code   464  daddsub_clz.o(x$fpl$dsub)
    __aeabi_f2d                              0x080065d1   Thumb Code     0  f2d.o(x$fpl$f2d)
    _f2d                                     0x080065d1   Thumb Code    86  f2d.o(x$fpl$f2d)
    __aeabi_fadd                             0x08006629   Thumb Code     0  faddsub_clz.o(x$fpl$fadd)
    _fadd                                    0x08006629   Thumb Code   196  faddsub_clz.o(x$fpl$fadd)
    __fpl_fcmp_Inf                           0x080066ed   Thumb Code    24  fcmpi.o(x$fpl$fcmpinf)
    __aeabi_fdiv                             0x08006705   Thumb Code     0  fdiv.o(x$fpl$fdiv)
    _fdiv                                    0x08006705   Thumb Code   384  fdiv.o(x$fpl$fdiv)
    __aeabi_f2iz                             0x08006889   Thumb Code     0  ffix.o(x$fpl$ffix)
    _ffix                                    0x08006889   Thumb Code    54  ffix.o(x$fpl$ffix)
    __aeabi_i2f                              0x080068c1   Thumb Code     0  fflt_clz.o(x$fpl$fflt)
    _fflt                                    0x080068c1   Thumb Code    48  fflt_clz.o(x$fpl$fflt)
    __aeabi_ui2f                             0x080068f1   Thumb Code     0  fflt_clz.o(x$fpl$ffltu)
    _ffltu                                   0x080068f1   Thumb Code    38  fflt_clz.o(x$fpl$ffltu)
    __aeabi_cfcmple                          0x08006919   Thumb Code     0  fleqf.o(x$fpl$fleqf)
    _fcmple                                  0x08006919   Thumb Code   104  fleqf.o(x$fpl$fleqf)
    __fpl_fcmple_InfNaN                      0x0800696b   Thumb Code     0  fleqf.o(x$fpl$fleqf)
    __aeabi_fmul                             0x08006981   Thumb Code     0  fmul.o(x$fpl$fmul)
    _fmul                                    0x08006981   Thumb Code   258  fmul.o(x$fpl$fmul)
    __fpl_fnaninf                            0x08006a83   Thumb Code   140  fnaninf.o(x$fpl$fnaninf)
    __fpl_fretinf                            0x08006b0f   Thumb Code    10  fretinf.o(x$fpl$fretinf)
    __aeabi_cfrcmple                         0x08006b19   Thumb Code     0  frleqf.o(x$fpl$frleqf)
    _frcmple                                 0x08006b19   Thumb Code    98  frleqf.o(x$fpl$frleqf)
    __aeabi_fsub                             0x08006b7d   Thumb Code     0  faddsub_clz.o(x$fpl$fsub)
    _fsub                                    0x08006b7d   Thumb Code   234  faddsub_clz.o(x$fpl$fsub)
    __I$use$fp                               0x08006c66   Number         0  usenofp.o(x$fpl$usenofp)
    m_ch4x5                                  0x08006c66   Data          78  lcd12864.o(.constdata)
    DrawDotsTable                            0x08006cb4   Data          32  lcd12864.o(.constdata)
    Region$$Table$$Base                      0x08006f6c   Number         0  anon$$obj.o(Region$$Table)
    Region$$Table$$Limit                     0x08006f8c   Number         0  anon$$obj.o(Region$$Table)
    zhuan_su2                                0x20000000   Data           3  main.o(.data)
    wen_yuz                                  0x20000003   Data           2  main.o(.data)
    wen_yu                                   0x20000005   Data           1  main.o(.data)
    qi_yu                                    0x20000008   Data           8  main.o(.data)
    fen_chens                                0x20000010   Data           4  main.o(.data)
    xian_ch                                  0x20000014   Data          10  main.o(.data)
    xian_ch2                                 0x2000001e   Data          10  main.o(.data)
    clear                                    0x20000028   Data           8  main.o(.data)
    clear_1                                  0x20000030   Data           8  main.o(.data)
    clear_2                                  0x20000038   Data           8  main.o(.data)
    clear_3                                  0x20000040   Data           8  main.o(.data)
    xian_qi                                  0x20000048   Data           8  main.o(.data)
    ji_1s                                    0x20000050   Data           4  main.o(.data)
    ji_0_5s                                  0x20000054   Data           4  main.o(.data)
    ji2_flag                                 0x20000058   Data           1  main.o(.data)
    ji_5s                                    0x20000059   Data           1  main.o(.data)
    ji_3s                                    0x2000005a   Data           1  main.o(.data)
    ji3_flag                                 0x2000005b   Data           1  main.o(.data)
    ji40_flag                                0x2000005c   Data           1  main.o(.data)
    ji_40s                                   0x2000005d   Data           1  main.o(.data)
    ji1_flag                                 0x2000005e   Data           1  main.o(.data)
    chuan3_flag                              0x2000005f   Data           1  main.o(.data)
    du_dian_flag                             0x20000060   Data           1  main.o(.data)
    du_wen_flag                              0x20000061   Data           1  main.o(.data)
    du_qi_flag                               0x20000062   Data           1  main.o(.data)
    du                                       0x20000064   Data           4  main.o(.data)
    t                                        0x20000068   Data           4  main.o(.data)
    i                                        0x2000006c   Data           4  main.o(.data)
    c                                        0x20000070   Data           1  main.o(.data)
    flag                                     0x20000071   Data           1  main.o(.data)
    temprature                               0x20000074   Data           4  main.o(.data)
    press_temp                               0x20000078   Data           4  main.o(.data)
    temp                                     0x2000007c   Data           4  main.o(.data)
    ge                                       0x20000080   Data           1  main.o(.data)
    shi                                      0x20000081   Data           1  main.o(.data)
    bai                                      0x20000082   Data           1  main.o(.data)
    qian                                     0x20000083   Data           1  main.o(.data)
    wan                                      0x20000084   Data           1  main.o(.data)
    shiwan                                   0x20000085   Data           1  main.o(.data)
    pree_tmp                                 0x20000088   Data           8  main.o(.data)
    temp_tmp                                 0x20000090   Data           8  main.o(.data)
    zhou_qi                                  0x20000098   Data           4  main.o(.data)
    pwmval                                   0x2000009c   Data           1  main.o(.data)
    adcx                                     0x2000009e   Data           2  main.o(.data)
    dian_ya                                  0x200000a0   Data           4  main.o(.data)
    ad_flag                                  0x200000a4   Data           1  main.o(.data)
    m1                                       0x200000a5   Data           1  main.o(.data)
    m2                                       0x200000a6   Data           1  main.o(.data)
    m3                                       0x200000a7   Data           1  main.o(.data)
    m4                                       0x200000a8   Data           1  main.o(.data)
    m5                                       0x200000a9   Data           1  main.o(.data)
    bu_liu                                   0x200000aa   Data           1  main.o(.data)
    bu                                       0x200000ab   Data           1  main.o(.data)
    chuan_flag1                              0x200000ac   Data           1  main.o(.data)
    chuan_flag2                              0x200000ad   Data           1  main.o(.data)
    shuju                                    0x200000ae   Data           1  main.o(.data)
    USART1_RX_STA                            0x200000b0   Data           2  main.o(.data)
    pluse_cnt                                0x200000b2   Data           2  main.o(.data)
    pluse_cnt2                               0x200000b4   Data           2  main.o(.data)
    zhuan_su                                 0x200000b6   Data           2  main.o(.data)
    su_value                                 0x200000b8   Data           6  main.o(.data)
    su_wei                                   0x200000be   Data           1  main.o(.data)
    du_z                                     0x200000c0   Data           4  main.o(.data)
    SystemCoreClock                          0x200000c4   Data           4  system_stm32f10x.o(.data)
    AHBPrescTable                            0x200000c8   Data          16  system_stm32f10x.o(.data)
    ac1                                      0x200000dc   Data           2  bmp180.o(.data)
    ac2                                      0x200000de   Data           2  bmp180.o(.data)
    ac3                                      0x200000e0   Data           2  bmp180.o(.data)
    ac4                                      0x200000e2   Data           2  bmp180.o(.data)
    ac5                                      0x200000e4   Data           2  bmp180.o(.data)
    ac6                                      0x200000e6   Data           2  bmp180.o(.data)
    b1                                       0x200000e8   Data           2  bmp180.o(.data)
    b2                                       0x200000ea   Data           2  bmp180.o(.data)
    mb                                       0x200000ec   Data           2  bmp180.o(.data)
    mc                                       0x200000ee   Data           2  bmp180.o(.data)
    md                                       0x200000f0   Data           2  bmp180.o(.data)
    bmp180_temp                              0x200000f4   Data           4  bmp180.o(.data)
    bmp180_press                             0x200000f8   Data           4  bmp180.o(.data)
    CurrentElectric                          0x2000010c   Data           4  db_amme.o(.data)
    Device_ID                                0x20000110   Data           4  db_amme.o(.data)
    VoltageA                                 0x20000114   Data           1  db_amme.o(.data)
    CurrentA                                 0x20000118   Data           4  db_amme.o(.data)
    TempA                                    0x2000011c   Data           4  db_amme.o(.data)
    Up_VolA                                  0x20000120   Data           4  db_amme.o(.data)
    Up_CurrentA                              0x20000124   Data           4  db_amme.o(.data)
    Up_PA_Q                                  0x20000128   Data           4  db_amme.o(.data)
    Up_PA_Power                              0x2000012c   Data           4  db_amme.o(.data)
    Up_QA_Power                              0x20000130   Data           4  db_amme.o(.data)
    VoltageB                                 0x20000134   Data           1  db_amme.o(.data)
    CurrentB                                 0x20000138   Data           4  db_amme.o(.data)
    TempB                                    0x2000013c   Data           4  db_amme.o(.data)
    Up_VolB                                  0x20000140   Data           4  db_amme.o(.data)
    Up_CurrentB                              0x20000144   Data           4  db_amme.o(.data)
    Up_PB_Q                                  0x20000148   Data           4  db_amme.o(.data)
    Up_PB_Power                              0x2000014c   Data           4  db_amme.o(.data)
    Up_QB_Power                              0x20000150   Data           4  db_amme.o(.data)
    VoltageC                                 0x20000154   Data           1  db_amme.o(.data)
    CurrentC                                 0x20000158   Data           4  db_amme.o(.data)
    TempC                                    0x2000015c   Data           4  db_amme.o(.data)
    Up_VolC                                  0x20000160   Data           4  db_amme.o(.data)
    Up_CurrentC                              0x20000164   Data           4  db_amme.o(.data)
    Up_PC_Q                                  0x20000168   Data           4  db_amme.o(.data)
    Up_PC_Power                              0x2000016c   Data           4  db_amme.o(.data)
    Up_QC_Power                              0x20000170   Data           4  db_amme.o(.data)
    Huganqibeilv                             0x20000174   Data           2  db_amme.o(.data)
    EST_Q                                    0x20000178   Data           4  db_amme.o(.data)
    EST_Q_buff                               0x2000017c   Data           4  db_amme.o(.data)
    SetGainData                              0x20000180   Data           1  db_amme.o(.data)
    receive_count1                           0x20000188   Data           1  usart.o(.data)
    checksum_and1                            0x20000189   Data           1  usart.o(.data)
    trans_end1                               0x2000018a   Data           2  usart.o(.data)
    trans_begin1                             0x2000018c   Data           2  usart.o(.data)
    Scan_Wtime                               0x2000018e   Data           1  usart.o(.data)
    __stdout                                 0x20000190   Data           4  usart.o(.data)
    USAR1T_RX_STA                            0x20000194   Data           2  usart.o(.data)
    p_value                                  0x200001ac   Data          20  main.o(.bss)
    t_value                                  0x200001c0   Data          20  main.o(.bss)
    ad_value                                 0x200001d4   Data          20  main.o(.bss)
    dis_VolA                                 0x200001e8   Data          20  main.o(.bss)
    dis_CurrentA                             0x200001fc   Data          20  main.o(.bss)
    dis_PowerA                               0x20000210   Data          20  main.o(.bss)
    chuan11                                  0x20000224   Data          30  main.o(.bss)
    chuan12                                  0x20000242   Data          30  main.o(.bss)
    buf1                                     0x20000260   Data         100  main.o(.bss)
    buf2                                     0x200002c4   Data          24  main.o(.bss)
    pan_dian_chu                             0x200002dc   Data          12  main.o(.bss)
    LCD12864_Buffer                          0x200002e8   Data        2048  lcd12864.o(.bss)
    trans_buff1                              0x20000ae8   Data         200  usart.o(.bss)
    rece_buff1                               0x20000bb0   Data         200  usart.o(.bss)
    USART1_RX_BUF                            0x20000c78   Data         200  usart.o(.bss)
    __libspace_start                         0x20000d40   Data          96  libspace.o(.bss)
    __temporary_stack_top$libspace           0x20000da0   Data           0  libspace.o(.bss)



==============================================================================

Memory Map of the image

  Image Entry point : 0x08000131

  Load Region LR_IROM1 (Base: 0x08000000, Size: 0x00007138, Max: 0x00080000, ABSOLUTE, COMPRESSED[0x00007000])

    Execution Region ER_IROM1 (Base: 0x08000000, Size: 0x00006f8c, Max: 0x00080000, ABSOLUTE)

    Base Addr    Size         Type   Attr      Idx    E Section Name        Object

    0x08000000   0x00000130   Data   RO          464    RESET               startup_stm32f10x_hd.o
    0x08000130   0x00000008   Code   RO          597  * !!!main             c_w.l(__main.o)
    0x08000138   0x00000034   Code   RO          835    !!!scatter          c_w.l(__scatter.o)
    0x0800016c   0x0000005a   Code   RO          833    !!dczerorl2         c_w.l(__dczerorl2.o)
    0x080001c6   0x00000002   PAD
    0x080001c8   0x0000001c   Code   RO          837    !!handler_zi        c_w.l(__scatter_zi.o)
    0x080001e4   0x00000000   Code   RO          588    .ARM.Collect$$_printf_percent$$00000000  c_w.l(_printf_percent.o)
    0x080001e4   0x00000006   Code   RO          587    .ARM.Collect$$_printf_percent$$00000014  c_w.l(_printf_s.o)
    0x080001ea   0x00000004   Code   RO          662    .ARM.Collect$$_printf_percent$$00000017  c_w.l(_printf_percent_end.o)
    0x080001ee   0x00000002   Code   RO          708    .ARM.Collect$$libinit$$00000000  c_w.l(libinit.o)
    0x080001f0   0x00000000   Code   RO          715    .ARM.Collect$$libinit$$00000002  c_w.l(libinit2.o)
    0x080001f0   0x00000000   Code   RO          717    .ARM.Collect$$libinit$$00000004  c_w.l(libinit2.o)
    0x080001f0   0x00000000   Code   RO          720    .ARM.Collect$$libinit$$0000000A  c_w.l(libinit2.o)
    0x080001f0   0x00000000   Code   RO          722    .ARM.Collect$$libinit$$0000000C  c_w.l(libinit2.o)
    0x080001f0   0x00000000   Code   RO          724    .ARM.Collect$$libinit$$0000000E  c_w.l(libinit2.o)
    0x080001f0   0x00000000   Code   RO          727    .ARM.Collect$$libinit$$00000011  c_w.l(libinit2.o)
    0x080001f0   0x00000000   Code   RO          729    .ARM.Collect$$libinit$$00000013  c_w.l(libinit2.o)
    0x080001f0   0x00000000   Code   RO          731    .ARM.Collect$$libinit$$00000015  c_w.l(libinit2.o)
    0x080001f0   0x00000000   Code   RO          733    .ARM.Collect$$libinit$$00000017  c_w.l(libinit2.o)
    0x080001f0   0x00000000   Code   RO          735    .ARM.Collect$$libinit$$00000019  c_w.l(libinit2.o)
    0x080001f0   0x00000000   Code   RO          737    .ARM.Collect$$libinit$$0000001B  c_w.l(libinit2.o)
    0x080001f0   0x00000000   Code   RO          739    .ARM.Collect$$libinit$$0000001D  c_w.l(libinit2.o)
    0x080001f0   0x00000000   Code   RO          741    .ARM.Collect$$libinit$$0000001F  c_w.l(libinit2.o)
    0x080001f0   0x00000000   Code   RO          743    .ARM.Collect$$libinit$$00000021  c_w.l(libinit2.o)
    0x080001f0   0x00000000   Code   RO          745    .ARM.Collect$$libinit$$00000023  c_w.l(libinit2.o)
    0x080001f0   0x00000000   Code   RO          747    .ARM.Collect$$libinit$$00000025  c_w.l(libinit2.o)
    0x080001f0   0x00000000   Code   RO          751    .ARM.Collect$$libinit$$0000002C  c_w.l(libinit2.o)
    0x080001f0   0x00000000   Code   RO          753    .ARM.Collect$$libinit$$0000002E  c_w.l(libinit2.o)
    0x080001f0   0x00000000   Code   RO          755    .ARM.Collect$$libinit$$00000030  c_w.l(libinit2.o)
    0x080001f0   0x00000000   Code   RO          757    .ARM.Collect$$libinit$$00000032  c_w.l(libinit2.o)
    0x080001f0   0x00000002   Code   RO          758    .ARM.Collect$$libinit$$00000033  c_w.l(libinit2.o)
    0x080001f2   0x00000002   Code   RO          776    .ARM.Collect$$libshutdown$$00000000  c_w.l(libshutdown.o)
    0x080001f4   0x00000000   Code   RO          787    .ARM.Collect$$libshutdown$$00000003  c_w.l(libshutdown2.o)
    0x080001f4   0x00000000   Code   RO          790    .ARM.Collect$$libshutdown$$00000006  c_w.l(libshutdown2.o)
    0x080001f4   0x00000000   Code   RO          793    .ARM.Collect$$libshutdown$$00000009  c_w.l(libshutdown2.o)
    0x080001f4   0x00000000   Code   RO          795    .ARM.Collect$$libshutdown$$0000000B  c_w.l(libshutdown2.o)
    0x080001f4   0x00000000   Code   RO          798    .ARM.Collect$$libshutdown$$0000000E  c_w.l(libshutdown2.o)
    0x080001f4   0x00000002   Code   RO          799    .ARM.Collect$$libshutdown$$0000000F  c_w.l(libshutdown2.o)
    0x080001f6   0x00000000   Code   RO          657    .ARM.Collect$$rtentry$$00000000  c_w.l(__rtentry.o)
    0x080001f6   0x00000000   Code   RO          677    .ARM.Collect$$rtentry$$00000002  c_w.l(__rtentry2.o)
    0x080001f6   0x00000006   Code   RO          689    .ARM.Collect$$rtentry$$00000004  c_w.l(__rtentry4.o)
    0x080001fc   0x00000000   Code   RO          679    .ARM.Collect$$rtentry$$00000009  c_w.l(__rtentry2.o)
    0x080001fc   0x00000004   Code   RO          680    .ARM.Collect$$rtentry$$0000000A  c_w.l(__rtentry2.o)
    0x08000200   0x00000000   Code   RO          682    .ARM.Collect$$rtentry$$0000000C  c_w.l(__rtentry2.o)
    0x08000200   0x00000008   Code   RO          683    .ARM.Collect$$rtentry$$0000000D  c_w.l(__rtentry2.o)
    0x08000208   0x00000002   Code   RO          712    .ARM.Collect$$rtexit$$00000000  c_w.l(rtexit.o)
    0x0800020a   0x00000000   Code   RO          760    .ARM.Collect$$rtexit$$00000002  c_w.l(rtexit2.o)
    0x0800020a   0x00000004   Code   RO          761    .ARM.Collect$$rtexit$$00000003  c_w.l(rtexit2.o)
    0x0800020e   0x00000006   Code   RO          762    .ARM.Collect$$rtexit$$00000004  c_w.l(rtexit2.o)
    0x08000214   0x00000ed8   Code   RO            1    .text               main.o
    0x080010ec   0x0000001a   Code   RO          161    .text               stm32f10x_it.o
    0x08001106   0x00000002   PAD
    0x08001108   0x000001e0   Code   RO          202    .text               system_stm32f10x.o
    0x080012e8   0x00000050   Code   RO          220    .text               led.o
    0x08001338   0x00000120   Code   RO          232    .text               key.o
    0x08001458   0x00000200   Code   RO          245    .text               timer.o
    0x08001658   0x0000065c   Code   RO          257    .text               lcd12864.o
    0x08001cb4   0x000003b4   Code   RO          273    .text               bmp180.o
    0x08002068   0x0000025c   Code   RO          291    .text               iic.o
    0x080022c4   0x000000cc   Code   RO          303    .text               max6675.o
    0x08002390   0x000000e8   Code   RO          319    .text               adc.o
    0x08002478   0x00000038   Code   RO          331    .text               gp2y.o
    0x080024b0   0x00000b8c   Code   RO          343    .text               db_amme.o
    0x0800303c   0x00000404   Code   RO          362    .text               bc95.o
    0x08003440   0x0000006c   Code   RO          385    .text               relay.o
    0x080034ac   0x000000d4   Code   RO          397    .text               delay.o
    0x08003580   0x00000270   Code   RO          428    .text               usart.o
    0x080037f0   0x00000040   Code   RO          465    .text               startup_stm32f10x_hd.o
    0x08003830   0x0000035c   Code   RO          469    .text               stm32f10x_gpio.o
    0x08003b8c   0x000003a4   Code   RO          481    .text               stm32f10x_rcc.o
    0x08003f30   0x00000408   Code   RO          495    .text               stm32f10x_usart.o
    0x08004338   0x0000030c   Code   RO          507    .text               stm32f10x_spi.o
    0x08004644   0x000000dc   Code   RO          519    .text               misc.o
    0x08004720   0x00000e1a   Code   RO          531    .text               stm32f10x_tim.o
    0x0800553a   0x00000002   PAD
    0x0800553c   0x0000044e   Code   RO          543    .text               stm32f10x_adc.o
    0x0800598a   0x00000002   Code   RO          557    .text               c_w.l(use_no_semi_2.o)
    0x0800598c   0x00000018   Code   RO          561    .text               c_w.l(noretval__2printf.o)
    0x080059a4   0x00000068   Code   RO          563    .text               c_w.l(__printf.o)
    0x08005a0c   0x00000052   Code   RO          565    .text               c_w.l(_printf_str.o)
    0x08005a5e   0x00000024   Code   RO          589    .text               c_w.l(strstr.o)
    0x08005a82   0x00000018   Code   RO          591    .text               c_w.l(strcat.o)
    0x08005a9a   0x00000064   Code   RO          593    .text               c_w.l(rt_memcpy_w.o)
    0x08005afe   0x00000006   Code   RO          595    .text               c_w.l(heapauxi.o)
    0x08005b04   0x00000002   Code   RO          655    .text               c_w.l(use_no_semi.o)
    0x08005b06   0x0000002c   Code   RO          658    .text               c_w.l(_printf_char.o)
    0x08005b32   0x00000002   PAD
    0x08005b34   0x00000024   Code   RO          660    .text               c_w.l(_printf_char_file.o)
    0x08005b58   0x00000030   Code   RO          691    .text               c_w.l(_printf_char_common.o)
    0x08005b88   0x00000008   Code   RO          693    .text               c_w.l(ferror.o)
    0x08005b90   0x0000004a   Code   RO          697    .text               c_w.l(sys_stackheap_outer.o)
    0x08005bda   0x0000000c   Code   RO          701    .text               c_w.l(exit.o)
    0x08005be6   0x00000002   PAD
    0x08005be8   0x00000008   Code   RO          709    .text               c_w.l(libspace.o)
    0x08005bf0   0x00000062   Code   RO          599    x$fpl$d2f           fz_ws.l(d2f.o)
    0x08005c52   0x00000002   PAD
    0x08005c54   0x00000150   Code   RO          601    x$fpl$dadd          fz_ws.l(daddsub_clz.o)
    0x08005da4   0x00000018   Code   RO          663    x$fpl$dcmpinf       fz_ws.l(dcmpi.o)
    0x08005dbc   0x000002b0   Code   RO          608    x$fpl$ddiv          fz_ws.l(ddiv.o)
    0x0800606c   0x0000005a   Code   RO          611    x$fpl$dfixu         fz_ws.l(dfixu.o)
    0x080060c6   0x0000002e   Code   RO          616    x$fpl$dflt          fz_ws.l(dflt_clz.o)
    0x080060f4   0x00000026   Code   RO          615    x$fpl$dfltu         fz_ws.l(dflt_clz.o)
    0x0800611a   0x00000002   PAD
    0x0800611c   0x00000078   Code   RO          621    x$fpl$dleqf         fz_ws.l(dleqf.o)
    0x08006194   0x00000154   Code   RO          623    x$fpl$dmul          fz_ws.l(dmul.o)
    0x080062e8   0x0000009c   Code   RO          665    x$fpl$dnaninf       fz_ws.l(dnaninf.o)
    0x08006384   0x0000000c   Code   RO          667    x$fpl$dretinf       fz_ws.l(dretinf.o)
    0x08006390   0x0000006c   Code   RO          625    x$fpl$drleqf        fz_ws.l(drleqf.o)
    0x080063fc   0x000001d4   Code   RO          603    x$fpl$dsub          fz_ws.l(daddsub_clz.o)
    0x080065d0   0x00000056   Code   RO          627    x$fpl$f2d           fz_ws.l(f2d.o)
    0x08006626   0x00000002   PAD
    0x08006628   0x000000c4   Code   RO          629    x$fpl$fadd          fz_ws.l(faddsub_clz.o)
    0x080066ec   0x00000018   Code   RO          669    x$fpl$fcmpinf       fz_ws.l(fcmpi.o)
    0x08006704   0x00000184   Code   RO          636    x$fpl$fdiv          fz_ws.l(fdiv.o)
    0x08006888   0x00000036   Code   RO          639    x$fpl$ffix          fz_ws.l(ffix.o)
    0x080068be   0x00000002   PAD
    0x080068c0   0x00000030   Code   RO          644    x$fpl$fflt          fz_ws.l(fflt_clz.o)
    0x080068f0   0x00000026   Code   RO          643    x$fpl$ffltu         fz_ws.l(fflt_clz.o)
    0x08006916   0x00000002   PAD
    0x08006918   0x00000068   Code   RO          649    x$fpl$fleqf         fz_ws.l(fleqf.o)
    0x08006980   0x00000102   Code   RO          651    x$fpl$fmul          fz_ws.l(fmul.o)
    0x08006a82   0x0000008c   Code   RO          671    x$fpl$fnaninf       fz_ws.l(fnaninf.o)
    0x08006b0e   0x0000000a   Code   RO          673    x$fpl$fretinf       fz_ws.l(fretinf.o)
    0x08006b18   0x00000062   Code   RO          653    x$fpl$frleqf        fz_ws.l(frleqf.o)
    0x08006b7a   0x00000002   PAD
    0x08006b7c   0x000000ea   Code   RO          631    x$fpl$fsub          fz_ws.l(faddsub_clz.o)
    0x08006c66   0x00000000   Code   RO          675    x$fpl$usenofp       fz_ws.l(usenofp.o)
    0x08006c66   0x0000006e   Data   RO          259    .constdata          lcd12864.o
    0x08006cd4   0x00000298   Data   RO          363    .constdata          bc95.o
    0x08006f6c   0x00000020   Data   RO          831    Region$$Table       anon$$obj.o


    Execution Region RW_IRAM1 (Base: 0x20000000, Size: 0x000013a0, Max: 0x00010000, ABSOLUTE, COMPRESSED[0x00000074])

    Base Addr    Size         Type   Attr      Idx    E Section Name        Object

    0x20000000   0x000000c4   Data   RW            3    .data               main.o
    0x200000c4   0x00000014   Data   RW          203    .data               system_stm32f10x.o
    0x200000d8   0x00000001   Data   RW          233    .data               key.o
    0x200000d9   0x00000003   PAD
    0x200000dc   0x00000030   Data   RW          274    .data               bmp180.o
    0x2000010c   0x00000075   Data   RW          344    .data               db_amme.o
    0x20000181   0x00000001   PAD
    0x20000182   0x00000004   Data   RW          398    .data               delay.o
    0x20000186   0x00000002   PAD
    0x20000188   0x0000000f   Data   RW          430    .data               usart.o
    0x20000197   0x00000014   Data   RW          482    .data               stm32f10x_rcc.o
    0x200001ab   0x00000001   PAD
    0x200001ac   0x0000013c   Zero   RW            2    .bss                main.o
    0x200002e8   0x00000800   Zero   RW          258    .bss                lcd12864.o
    0x20000ae8   0x00000258   Zero   RW          429    .bss                usart.o
    0x20000d40   0x00000060   Zero   RW          710    .bss                c_w.l(libspace.o)
    0x20000da0   0x00000200   Zero   RW          463    HEAP                startup_stm32f10x_hd.o
    0x20000fa0   0x00000400   Zero   RW          462    STACK               startup_stm32f10x_hd.o


==============================================================================

Image component sizes


      Code (inc. data)   RO Data    RW Data    ZI Data      Debug   Object Name

       232          8          0          0          0       1063   adc.o
      1028        226        664          0          0       3761   bc95.o
       948         70          0         48          0       3066   bmp180.o
      2956        170          0        117          0       4764   db_amme.o
       212         18          0          4          0       1003   delay.o
        56          8          0          0          0        481   gp2y.o
       604         12          0          0          0       1808   iic.o
       288         14          0          1          0        978   key.o
      1628         40        110          0       2048       6412   lcd12864.o
        80          8          0          0          0        483   led.o
      3800        428          0        196        316     276926   main.o
       204          8          0          0          0        816   max6675.o
       220         22          0          0          0       1785   misc.o
       108          6          0          0          0        509   relay.o
        64         26        304          0       1536        784   startup_stm32f10x_hd.o
      1102         26          0          0          0      10817   stm32f10x_adc.o
       860         38          0          0          0       5629   stm32f10x_gpio.o
        26          0          0          0          0       1170   stm32f10x_it.o
       932         36          0         20          0       8788   stm32f10x_rcc.o
       780         14          0          0          0       6510   stm32f10x_spi.o
      3610         88          0          0          0      22112   stm32f10x_tim.o
      1032         22          0          0          0       8352   stm32f10x_usart.o
         0          0          0          0          0         32   sys.o
       480         38          0         20          0       1715   system_stm32f10x.o
       512         22          0          0          0       1742   timer.o
       624         42          0         15        600       4449   usart.o

    ----------------------------------------------------------------------
     22390       1390       1110        428       4500     375955   Object Totals
         0          0         32          0          0          0   (incl. Generated)
         4          0          0          7          0          0   (incl. Padding)

    ----------------------------------------------------------------------

      Code (inc. data)   RO Data    RW Data    ZI Data      Debug   Library Member Name

        90          0          0          0          0          0   __dczerorl2.o
         8          0          0          0          0         68   __main.o
       104          0          0          0          0         84   __printf.o
         0          0          0          0          0          0   __rtentry.o
        12          0          0          0          0          0   __rtentry2.o
         6          0          0          0          0          0   __rtentry4.o
        52          8          0          0          0          0   __scatter.o
        28          0          0          0          0          0   __scatter_zi.o
        44          0          0          0          0        108   _printf_char.o
        48          6          0          0          0         96   _printf_char_common.o
        36          4          0          0          0         80   _printf_char_file.o
         0          0          0          0          0          0   _printf_percent.o
         4          0          0          0          0          0   _printf_percent_end.o
         6          0          0          0          0          0   _printf_s.o
        82          0          0          0          0         80   _printf_str.o
        12          0          0          0          0         72   exit.o
         8          0          0          0          0         68   ferror.o
         6          0          0          0          0        152   heapauxi.o
         2          0          0          0          0          0   libinit.o
         2          0          0          0          0          0   libinit2.o
         2          0          0          0          0          0   libshutdown.o
         2          0          0          0          0          0   libshutdown2.o
         8          4          0          0         96         68   libspace.o
        24          4          0          0          0         84   noretval__2printf.o
       100          0          0          0          0         80   rt_memcpy_w.o
         2          0          0          0          0          0   rtexit.o
        10          0          0          0          0          0   rtexit2.o
        24          0          0          0          0         68   strcat.o
        36          0          0          0          0         80   strstr.o
        74          0          0          0          0         80   sys_stackheap_outer.o
         2          0          0          0          0         68   use_no_semi.o
         2          0          0          0          0         68   use_no_semi_2.o
        98          4          0          0          0         92   d2f.o
       804         16          0          0          0        272   daddsub_clz.o
        24          0          0          0          0         68   dcmpi.o
       688        140          0          0          0        208   ddiv.o
        90          4          0          0          0         92   dfixu.o
        84          0          0          0          0        136   dflt_clz.o
       120          4          0          0          0         92   dleqf.o
       340         12          0          0          0        104   dmul.o
       156          4          0          0          0         92   dnaninf.o
        12          0          0          0          0         68   dretinf.o
       108          0          0          0          0         80   drleqf.o
        86          4          0          0          0         84   f2d.o
       430          8          0          0          0        168   faddsub_clz.o
        24          0          0          0          0         68   fcmpi.o
       388         76          0          0          0         96   fdiv.o
        54          4          0          0          0         84   ffix.o
        86          0          0          0          0        136   fflt_clz.o
       104          4          0          0          0         84   fleqf.o
       258          4          0          0          0         84   fmul.o
       140          4          0          0          0         84   fnaninf.o
        10          0          0          0          0         68   fretinf.o
        98          0          0          0          0         68   frleqf.o
         0          0          0          0          0          0   usenofp.o

    ----------------------------------------------------------------------
      5056        314          0          0         96       3732   Library Totals
        18          0          0          0          0          0   (incl. Padding)

    ----------------------------------------------------------------------

      Code (inc. data)   RO Data    RW Data    ZI Data      Debug   Library Name

       836         26          0          0         96       1404   c_w.l
      4202        288          0          0          0       2328   fz_ws.l

    ----------------------------------------------------------------------
      5056        314          0          0         96       3732   Library Totals

    ----------------------------------------------------------------------

==============================================================================


      Code (inc. data)   RO Data    RW Data    ZI Data      Debug   

     27446       1704       1110        428       4596     375783   Grand Totals
     27446       1704       1110        116       4596     375783   ELF Image Totals (compressed)
     27446       1704       1110        116          0          0   ROM Totals

==============================================================================

    Total RO  Size (Code + RO Data)                28556 (  27.89kB)
    Total RW  Size (RW Data + ZI Data)              5024 (   4.91kB)
    Total ROM Size (Code + RO Data + RW Data)      28672 (  28.00kB)

==============================================================================

